
Welcome to fdisk (util-linux 2.34).
Changes will remain in memory only, until you decide to write them.
Be careful before using the write command.


Command (m for help): Disk /dev/mmcblk0: 14.86 GiB, 15931539456 bytes, 31116288 sectors
Units: sectors of 1 * 512 = 512 bytes
Sector size (logical/physical): 512 bytes / 512 bytes
I/O size (minimum/optimal): 512 bytes / 512 bytes
Disklabel type: dos
Disk identifier: 0x2f2091f1

Device         Boot  Start     End Sectors  Size Id Type
/dev/mmcblk0p1       32768  262143  229376  112M  c W95 FAT32 (LBA)
/dev/mmcblk0p2      262144 8388607 8126464  3.9G 83 Linux

Command (m for help): Partition number (1,2, default 2): 
Partition 2 has been deleted.

Command (m for help): Partition type
   p   primary (1 primary, 0 extended, 3 free)
   e   extended (container for logical partitions)
Select (default p): Partition number (2-4, default 2): First sector (2048-31116287, default 2048): Last sector, +/-sectors or +/-size{K,M,G,T,P} (262144-31116287, default 31116287): 
Created a new partition 2 of type 'Linux' and of size 14.7 GiB.

Command (m for help): 
Disk /dev/mmcblk0: 14.86 GiB, 15931539456 bytes, 31116288 sectors
Units: sectors of 1 * 512 = 512 bytes
Sector size (logical/physical): 512 bytes / 512 bytes
I/O size (minimum/optimal): 512 bytes / 512 bytes
Disklabel type: dos
Disk identifier: 0x2f2091f1

Device         Boot  Start      End  Sectors  Size Id Type
/dev/mmcblk0p1       32768   262143   229376  112M  c W95 FAT32 (LBA)
/dev/mmcblk0p2      262144 31116287 30854144 14.7G 83 Linux

Command (m for help): The partition table has been altered.
Syncing disks.


Welcome to fdisk (util-linux 2.34).
Changes will remain in memory only, until you decide to write them.
Be careful before using the write command.


Command (m for help): Disk /dev/mmcblk0: 14.86 GiB, 15931539456 bytes, 31116288 sectors
Units: sectors of 1 * 512 = 512 bytes
Sector size (logical/physical): 512 bytes / 512 bytes
I/O size (minimum/optimal): 512 bytes / 512 bytes
Disklabel type: dos
Disk identifier: 0x2f2091f1

Device         Boot  Start      End  Sectors  Size Id Type
/dev/mmcblk0p1       32768   262143   229376  112M  c W95 FAT32 (LBA)
/dev/mmcblk0p2      262144 31116287 30854144 14.7G 83 Linux

Command (m for help): Partition number (1,2, default 2): 
Partition 2 has been deleted.

Command (m for help): Partition type
   p   primary (1 primary, 0 extended, 3 free)
   e   extended (container for logical partitions)
Select (default p): Partition number (2-4, default 2): First sector (2048-31116287, default 2048): Last sector, +/-sectors or +/-size{K,M,G,T,P} (262144-31116287, default 31116287): 
Created a new partition 2 of type 'Linux' and of size 14.7 GiB.

Command (m for help): 
Disk /dev/mmcblk0: 14.86 GiB, 15931539456 bytes, 31116288 sectors
Units: sectors of 1 * 512 = 512 bytes
Sector size (logical/physical): 512 bytes / 512 bytes
I/O size (minimum/optimal): 512 bytes / 512 bytes
Disklabel type: dos
Disk identifier: 0x2f2091f1

Device         Boot  Start      End  Sectors  Size Id Type
/dev/mmcblk0p1       32768   262143   229376  112M  c W95 FAT32 (LBA)
/dev/mmcblk0p2      262144 31116287 30854144 14.7G 83 Linux

Command (m for help): The partition table has been altered.
Syncing disks.


Welcome to fdisk (util-linux 2.34).
Changes will remain in memory only, until you decide to write them.
Be careful before using the write command.


Command (m for help): Disk /dev/mmcblk0: 14.86 GiB, 15931539456 bytes, 31116288 sectors
Units: sectors of 1 * 512 = 512 bytes
Sector size (logical/physical): 512 bytes / 512 bytes
I/O size (minimum/optimal): 512 bytes / 512 bytes
Disklabel type: dos
Disk identifier: 0x2f2091f1

Device         Boot  Start      End  Sectors  Size Id Type
/dev/mmcblk0p1       32768   262143   229376  112M  c W95 FAT32 (LBA)
/dev/mmcblk0p2      262144 31116287 30854144 14.7G 83 Linux

Command (m for help): Partition number (1,2, default 2): 
Partition 2 has been deleted.

Command (m for help): Partition type
   p   primary (1 primary, 0 extended, 3 free)
   e   extended (container for logical partitions)
Select (default p): Partition number (2-4, default 2): First sector (2048-31116287, default 2048): Last sector, +/-sectors or +/-size{K,M,G,T,P} (262144-31116287, default 31116287): 
Created a new partition 2 of type 'Linux' and of size 14.7 GiB.

Command (m for help): 
Disk /dev/mmcblk0: 14.86 GiB, 15931539456 bytes, 31116288 sectors
Units: sectors of 1 * 512 = 512 bytes
Sector size (logical/physical): 512 bytes / 512 bytes
I/O size (minimum/optimal): 512 bytes / 512 bytes
Disklabel type: dos
Disk identifier: 0x2f2091f1

Device         Boot  Start      End  Sectors  Size Id Type
/dev/mmcblk0p1       32768   262143   229376  112M  c W95 FAT32 (LBA)
/dev/mmcblk0p2      262144 31116287 30854144 14.7G 83 Linux

Command (m for help): The partition table has been altered.
Syncing disks.


Welcome to fdisk (util-linux 2.34).
Changes will remain in memory only, until you decide to write them.
Be careful before using the write command.


Command (m for help): Disk /dev/mmcblk0: 14.86 GiB, 15931539456 bytes, 31116288 sectors
Units: sectors of 1 * 512 = 512 bytes
Sector size (logical/physical): 512 bytes / 512 bytes
I/O size (minimum/optimal): 512 bytes / 512 bytes
Disklabel type: dos
Disk identifier: 0x2f2091f1

Device         Boot  Start      End  Sectors  Size Id Type
/dev/mmcblk0p1       32768   262143   229376  112M  c W95 FAT32 (LBA)
/dev/mmcblk0p2      262144 31116287 30854144 14.7G 83 Linux

Command (m for help): Partition number (1,2, default 2): 
Partition 2 has been deleted.

Command (m for help): Partition type
   p   primary (1 primary, 0 extended, 3 free)
   e   extended (container for logical partitions)
Select (default p): Partition number (2-4, default 2): First sector (2048-31116287, default 2048): Last sector, +/-sectors or +/-size{K,M,G,T,P} (262144-31116287, default 31116287): 
Created a new partition 2 of type 'Linux' and of size 14.7 GiB.

Command (m for help): 
Disk /dev/mmcblk0: 14.86 GiB, 15931539456 bytes, 31116288 sectors
Units: sectors of 1 * 512 = 512 bytes
Sector size (logical/physical): 512 bytes / 512 bytes
I/O size (minimum/optimal): 512 bytes / 512 bytes
Disklabel type: dos
Disk identifier: 0x2f2091f1

Device         Boot  Start      End  Sectors  Size Id Type
/dev/mmcblk0p1       32768   262143   229376  112M  c W95 FAT32 (LBA)
/dev/mmcblk0p2      262144 31116287 30854144 14.7G 83 Linux

Command (m for help): The partition table has been altered.
Syncing disks.


Welcome to fdisk (util-linux 2.34).
Changes will remain in memory only, until you decide to write them.
Be careful before using the write command.


Command (m for help): Disk /dev/mmcblk0: 14.86 GiB, 15931539456 bytes, 31116288 sectors
Units: sectors of 1 * 512 = 512 bytes
Sector size (logical/physical): 512 bytes / 512 bytes
I/O size (minimum/optimal): 512 bytes / 512 bytes
Disklabel type: dos
Disk identifier: 0x2f2091f1

Device         Boot  Start      End  Sectors  Size Id Type
/dev/mmcblk0p1       32768   262143   229376  112M  c W95 FAT32 (LBA)
/dev/mmcblk0p2      262144 31116287 30854144 14.7G 83 Linux

Command (m for help): Partition number (1,2, default 2): 
Partition 2 has been deleted.

Command (m for help): Partition type
   p   primary (1 primary, 0 extended, 3 free)
   e   extended (container for logical partitions)
Select (default p): Partition number (2-4, default 2): First sector (2048-31116287, default 2048): Last sector, +/-sectors or +/-size{K,M,G,T,P} (262144-31116287, default 31116287): 
Created a new partition 2 of type 'Linux' and of size 14.7 GiB.

Command (m for help): 
Disk /dev/mmcblk0: 14.86 GiB, 15931539456 bytes, 31116288 sectors
Units: sectors of 1 * 512 = 512 bytes
Sector size (logical/physical): 512 bytes / 512 bytes
I/O size (minimum/optimal): 512 bytes / 512 bytes
Disklabel type: dos
Disk identifier: 0x2f2091f1

Device         Boot  Start      End  Sectors  Size Id Type
/dev/mmcblk0p1       32768   262143   229376  112M  c W95 FAT32 (LBA)
/dev/mmcblk0p2      262144 31116287 30854144 14.7G 83 Linux

Command (m for help): The partition table has been altered.
Syncing disks.


Welcome to fdisk (util-linux 2.34).
Changes will remain in memory only, until you decide to write them.
Be careful before using the write command.


Command (m for help): Disk /dev/mmcblk0: 14.86 GiB, 15931539456 bytes, 31116288 sectors
Units: sectors of 1 * 512 = 512 bytes
Sector size (logical/physical): 512 bytes / 512 bytes
I/O size (minimum/optimal): 512 bytes / 512 bytes
Disklabel type: dos
Disk identifier: 0x2f2091f1

Device         Boot  Start      End  Sectors  Size Id Type
/dev/mmcblk0p1       32768   262143   229376  112M  c W95 FAT32 (LBA)
/dev/mmcblk0p2      262144 31116287 30854144 14.7G 83 Linux

Command (m for help): Partition number (1,2, default 2): 
Partition 2 has been deleted.

Command (m for help): Partition type
   p   primary (1 primary, 0 extended, 3 free)
   e   extended (container for logical partitions)
Select (default p): Partition number (2-4, default 2): First sector (2048-31116287, default 2048): Last sector, +/-sectors or +/-size{K,M,G,T,P} (262144-31116287, default 31116287): 
Created a new partition 2 of type 'Linux' and of size 14.7 GiB.

Command (m for help): 
Disk /dev/mmcblk0: 14.86 GiB, 15931539456 bytes, 31116288 sectors
Units: sectors of 1 * 512 = 512 bytes
Sector size (logical/physical): 512 bytes / 512 bytes
I/O size (minimum/optimal): 512 bytes / 512 bytes
Disklabel type: dos
Disk identifier: 0x2f2091f1

Device         Boot  Start      End  Sectors  Size Id Type
/dev/mmcblk0p1       32768   262143   229376  112M  c W95 FAT32 (LBA)
/dev/mmcblk0p2      262144 31116287 30854144 14.7G 83 Linux

Command (m for help): The partition table has been altered.
Syncing disks.


Welcome to fdisk (util-linux 2.34).
Changes will remain in memory only, until you decide to write them.
Be careful before using the write command.


Command (m for help): Disk /dev/mmcblk0: 14.86 GiB, 15931539456 bytes, 31116288 sectors
Units: sectors of 1 * 512 = 512 bytes
Sector size (logical/physical): 512 bytes / 512 bytes
I/O size (minimum/optimal): 512 bytes / 512 bytes
Disklabel type: dos
Disk identifier: 0x2f2091f1

Device         Boot  Start      End  Sectors  Size Id Type
/dev/mmcblk0p1       32768   262143   229376  112M  c W95 FAT32 (LBA)
/dev/mmcblk0p2      262144 31116287 30854144 14.7G 83 Linux

Command (m for help): Partition number (1,2, default 2): 
Partition 2 has been deleted.

Command (m for help): Partition type
   p   primary (1 primary, 0 extended, 3 free)
   e   extended (container for logical partitions)
Select (default p): Partition number (2-4, default 2): First sector (2048-31116287, default 2048): Last sector, +/-sectors or +/-size{K,M,G,T,P} (262144-31116287, default 31116287): 
Created a new partition 2 of type 'Linux' and of size 14.7 GiB.

Command (m for help): 
Disk /dev/mmcblk0: 14.86 GiB, 15931539456 bytes, 31116288 sectors
Units: sectors of 1 * 512 = 512 bytes
Sector size (logical/physical): 512 bytes / 512 bytes
I/O size (minimum/optimal): 512 bytes / 512 bytes
Disklabel type: dos
Disk identifier: 0x2f2091f1

Device         Boot  Start      End  Sectors  Size Id Type
/dev/mmcblk0p1       32768   262143   229376  112M  c W95 FAT32 (LBA)
/dev/mmcblk0p2      262144 31116287 30854144 14.7G 83 Linux

Command (m for help): The partition table has been altered.
Syncing disks.


Welcome to fdisk (util-linux 2.34).
Changes will remain in memory only, until you decide to write them.
Be careful before using the write command.


Command (m for help): Disk /dev/mmcblk0: 14.86 GiB, 15931539456 bytes, 31116288 sectors
Units: sectors of 1 * 512 = 512 bytes
Sector size (logical/physical): 512 bytes / 512 bytes
I/O size (minimum/optimal): 512 bytes / 512 bytes
Disklabel type: dos
Disk identifier: 0x2f2091f1

Device         Boot  Start      End  Sectors  Size Id Type
/dev/mmcblk0p1       32768   262143   229376  112M  c W95 FAT32 (LBA)
/dev/mmcblk0p2      262144 31116287 30854144 14.7G 83 Linux

Command (m for help): Partition number (1,2, default 2): 
Partition 2 has been deleted.

Command (m for help): Partition type
   p   primary (1 primary, 0 extended, 3 free)
   e   extended (container for logical partitions)
Select (default p): Partition number (2-4, default 2): First sector (2048-31116287, default 2048): Last sector, +/-sectors or +/-size{K,M,G,T,P} (262144-31116287, default 31116287): 
Created a new partition 2 of type 'Linux' and of size 14.7 GiB.

Command (m for help): 
Disk /dev/mmcblk0: 14.86 GiB, 15931539456 bytes, 31116288 sectors
Units: sectors of 1 * 512 = 512 bytes
Sector size (logical/physical): 512 bytes / 512 bytes
I/O size (minimum/optimal): 512 bytes / 512 bytes
Disklabel type: dos
Disk identifier: 0x2f2091f1

Device         Boot  Start      End  Sectors  Size Id Type
/dev/mmcblk0p1       32768   262143   229376  112M  c W95 FAT32 (LBA)
/dev/mmcblk0p2      262144 31116287 30854144 14.7G 83 Linux

Command (m for help): The partition table has been altered.
Syncing disks.


Welcome to fdisk (util-linux 2.34).
Changes will remain in memory only, until you decide to write them.
Be careful before using the write command.


Command (m for help): Disk /dev/mmcblk0: 14.86 GiB, 15931539456 bytes, 31116288 sectors
Units: sectors of 1 * 512 = 512 bytes
Sector size (logical/physical): 512 bytes / 512 bytes
I/O size (minimum/optimal): 512 bytes / 512 bytes
Disklabel type: dos
Disk identifier: 0x2f2091f1

Device         Boot  Start      End  Sectors  Size Id Type
/dev/mmcblk0p1       32768   262143   229376  112M  c W95 FAT32 (LBA)
/dev/mmcblk0p2      262144 31116287 30854144 14.7G 83 Linux

Command (m for help): Partition number (1,2, default 2): 
Partition 2 has been deleted.

Command (m for help): Partition type
   p   primary (1 primary, 0 extended, 3 free)
   e   extended (container for logical partitions)
Select (default p): Partition number (2-4, default 2): First sector (2048-31116287, default 2048): Last sector, +/-sectors or +/-size{K,M,G,T,P} (262144-31116287, default 31116287): 
Created a new partition 2 of type 'Linux' and of size 14.7 GiB.

Command (m for help): 
Disk /dev/mmcblk0: 14.86 GiB, 15931539456 bytes, 31116288 sectors
Units: sectors of 1 * 512 = 512 bytes
Sector size (logical/physical): 512 bytes / 512 bytes
I/O size (minimum/optimal): 512 bytes / 512 bytes
Disklabel type: dos
Disk identifier: 0x2f2091f1

Device         Boot  Start      End  Sectors  Size Id Type
/dev/mmcblk0p1       32768   262143   229376  112M  c W95 FAT32 (LBA)
/dev/mmcblk0p2      262144 31116287 30854144 14.7G 83 Linux

Command (m for help): The partition table has been altered.
Syncing disks.


Welcome to fdisk (util-linux 2.34).
Changes will remain in memory only, until you decide to write them.
Be careful before using the write command.


Command (m for help): Disk /dev/mmcblk0: 14.86 GiB, 15931539456 bytes, 31116288 sectors
Units: sectors of 1 * 512 = 512 bytes
Sector size (logical/physical): 512 bytes / 512 bytes
I/O size (minimum/optimal): 512 bytes / 512 bytes
Disklabel type: dos
Disk identifier: 0x2f2091f1

Device         Boot  Start      End  Sectors  Size Id Type
/dev/mmcblk0p1       32768   262143   229376  112M  c W95 FAT32 (LBA)
/dev/mmcblk0p2      262144 31116287 30854144 14.7G 83 Linux

Command (m for help): Partition number (1,2, default 2): 
Partition 2 has been deleted.

Command (m for help): Partition type
   p   primary (1 primary, 0 extended, 3 free)
   e   extended (container for logical partitions)
Select (default p): Partition number (2-4, default 2): First sector (2048-31116287, default 2048): Last sector, +/-sectors or +/-size{K,M,G,T,P} (262144-31116287, default 31116287): 
Created a new partition 2 of type 'Linux' and of size 14.7 GiB.

Command (m for help): 
Disk /dev/mmcblk0: 14.86 GiB, 15931539456 bytes, 31116288 sectors
Units: sectors of 1 * 512 = 512 bytes
Sector size (logical/physical): 512 bytes / 512 bytes
I/O size (minimum/optimal): 512 bytes / 512 bytes
Disklabel type: dos
Disk identifier: 0x2f2091f1

Device         Boot  Start      End  Sectors  Size Id Type
/dev/mmcblk0p1       32768   262143   229376  112M  c W95 FAT32 (LBA)
/dev/mmcblk0p2      262144 31116287 30854144 14.7G 83 Linux

Command (m for help): The partition table has been altered.
Syncing disks.


Welcome to fdisk (util-linux 2.34).
Changes will remain in memory only, until you decide to write them.
Be careful before using the write command.


Command (m for help): Disk /dev/mmcblk0: 14.86 GiB, 15931539456 bytes, 31116288 sectors
Units: sectors of 1 * 512 = 512 bytes
Sector size (logical/physical): 512 bytes / 512 bytes
I/O size (minimum/optimal): 512 bytes / 512 bytes
Disklabel type: dos
Disk identifier: 0x2f2091f1

Device         Boot  Start      End  Sectors  Size Id Type
/dev/mmcblk0p1       32768   262143   229376  112M  c W95 FAT32 (LBA)
/dev/mmcblk0p2      262144 31116287 30854144 14.7G 83 Linux

Command (m for help): Partition number (1,2, default 2): 
Partition 2 has been deleted.

Command (m for help): Partition type
   p   primary (1 primary, 0 extended, 3 free)
   e   extended (container for logical partitions)
Select (default p): Partition number (2-4, default 2): First sector (2048-31116287, default 2048): Last sector, +/-sectors or +/-size{K,M,G,T,P} (262144-31116287, default 31116287): 
Created a new partition 2 of type 'Linux' and of size 14.7 GiB.

Command (m for help): 
Disk /dev/mmcblk0: 14.86 GiB, 15931539456 bytes, 31116288 sectors
Units: sectors of 1 * 512 = 512 bytes
Sector size (logical/physical): 512 bytes / 512 bytes
I/O size (minimum/optimal): 512 bytes / 512 bytes
Disklabel type: dos
Disk identifier: 0x2f2091f1

Device         Boot  Start      End  Sectors  Size Id Type
/dev/mmcblk0p1       32768   262143   229376  112M  c W95 FAT32 (LBA)
/dev/mmcblk0p2      262144 31116287 30854144 14.7G 83 Linux

Command (m for help): The partition table has been altered.
Syncing disks.


Welcome to fdisk (util-linux 2.34).
Changes will remain in memory only, until you decide to write them.
Be careful before using the write command.


Command (m for help): Disk /dev/mmcblk0: 14.86 GiB, 15931539456 bytes, 31116288 sectors
Units: sectors of 1 * 512 = 512 bytes
Sector size (logical/physical): 512 bytes / 512 bytes
I/O size (minimum/optimal): 512 bytes / 512 bytes
Disklabel type: dos
Disk identifier: 0x2f2091f1

Device         Boot  Start      End  Sectors  Size Id Type
/dev/mmcblk0p1       32768   262143   229376  112M  c W95 FAT32 (LBA)
/dev/mmcblk0p2      262144 31116287 30854144 14.7G 83 Linux

Command (m for help): Partition number (1,2, default 2): 
Partition 2 has been deleted.

Command (m for help): Partition type
   p   primary (1 primary, 0 extended, 3 free)
   e   extended (container for logical partitions)
Select (default p): Partition number (2-4, default 2): First sector (2048-31116287, default 2048): Last sector, +/-sectors or +/-size{K,M,G,T,P} (262144-31116287, default 31116287): 
Created a new partition 2 of type 'Linux' and of size 14.7 GiB.

Command (m for help): 
Disk /dev/mmcblk0: 14.86 GiB, 15931539456 bytes, 31116288 sectors
Units: sectors of 1 * 512 = 512 bytes
Sector size (logical/physical): 512 bytes / 512 bytes
I/O size (minimum/optimal): 512 bytes / 512 bytes
Disklabel type: dos
Disk identifier: 0x2f2091f1

Device         Boot  Start      End  Sectors  Size Id Type
/dev/mmcblk0p1       32768   262143   229376  112M  c W95 FAT32 (LBA)
/dev/mmcblk0p2      262144 31116287 30854144 14.7G 83 Linux

Command (m for help): The partition table has been altered.
Syncing disks.


Welcome to fdisk (util-linux 2.34).
Changes will remain in memory only, until you decide to write them.
Be careful before using the write command.


Command (m for help): Disk /dev/mmcblk0: 14.86 GiB, 15931539456 bytes, 31116288 sectors
Units: sectors of 1 * 512 = 512 bytes
Sector size (logical/physical): 512 bytes / 512 bytes
I/O size (minimum/optimal): 512 bytes / 512 bytes
Disklabel type: dos
Disk identifier: 0x2f2091f1

Device         Boot  Start      End  Sectors  Size Id Type
/dev/mmcblk0p1       32768   262143   229376  112M  c W95 FAT32 (LBA)
/dev/mmcblk0p2      262144 31116287 30854144 14.7G 83 Linux

Command (m for help): Partition number (1,2, default 2): 
Partition 2 has been deleted.

Command (m for help): Partition type
   p   primary (1 primary, 0 extended, 3 free)
   e   extended (container for logical partitions)
Select (default p): Partition number (2-4, default 2): First sector (2048-31116287, default 2048): Last sector, +/-sectors or +/-size{K,M,G,T,P} (262144-31116287, default 31116287): 
Created a new partition 2 of type 'Linux' and of size 14.7 GiB.

Command (m for help): 
Disk /dev/mmcblk0: 14.86 GiB, 15931539456 bytes, 31116288 sectors
Units: sectors of 1 * 512 = 512 bytes
Sector size (logical/physical): 512 bytes / 512 bytes
I/O size (minimum/optimal): 512 bytes / 512 bytes
Disklabel type: dos
Disk identifier: 0x2f2091f1

Device         Boot  Start      End  Sectors  Size Id Type
/dev/mmcblk0p1       32768   262143   229376  112M  c W95 FAT32 (LBA)
/dev/mmcblk0p2      262144 31116287 30854144 14.7G 83 Linux

Command (m for help): The partition table has been altered.
Syncing disks.


Welcome to fdisk (util-linux 2.34).
Changes will remain in memory only, until you decide to write them.
Be careful before using the write command.


Command (m for help): Disk /dev/mmcblk0: 14.86 GiB, 15931539456 bytes, 31116288 sectors
Units: sectors of 1 * 512 = 512 bytes
Sector size (logical/physical): 512 bytes / 512 bytes
I/O size (minimum/optimal): 512 bytes / 512 bytes
Disklabel type: dos
Disk identifier: 0x2f2091f1

Device         Boot  Start     End Sectors  Size Id Type
/dev/mmcblk0p1       32768  262143  229376  112M  c W95 FAT32 (LBA)
/dev/mmcblk0p2      262144 9574680 9312537  4.5G 83 Linux

Command (m for help): Partition number (1,2, default 2): 
Partition 2 has been deleted.

Command (m for help): Partition type
   p   primary (1 primary, 0 extended, 3 free)
   e   extended (container for logical partitions)
Select (default p): Partition number (2-4, default 2): First sector (2048-31116287, default 2048): Last sector, +/-sectors or +/-size{K,M,G,T,P} (262144-31116287, default 31116287): 
Created a new partition 2 of type 'Linux' and of size 14.7 GiB.

Command (m for help): 
Disk /dev/mmcblk0: 14.86 GiB, 15931539456 bytes, 31116288 sectors
Units: sectors of 1 * 512 = 512 bytes
Sector size (logical/physical): 512 bytes / 512 bytes
I/O size (minimum/optimal): 512 bytes / 512 bytes
Disklabel type: dos
Disk identifier: 0x2f2091f1

Device         Boot  Start      End  Sectors  Size Id Type
/dev/mmcblk0p1       32768   262143   229376  112M  c W95 FAT32 (LBA)
/dev/mmcblk0p2      262144 31116287 30854144 14.7G 83 Linux

Command (m for help): The partition table has been altered.
Syncing disks.


Welcome to fdisk (util-linux 2.34).
Changes will remain in memory only, until you decide to write them.
Be careful before using the write command.


Command (m for help): Disk /dev/mmcblk0: 7.41 GiB, 7948206080 bytes, 15523840 sectors
Units: sectors of 1 * 512 = 512 bytes
Sector size (logical/physical): 512 bytes / 512 bytes
I/O size (minimum/optimal): 512 bytes / 512 bytes
Disklabel type: dos
Disk identifier: 0x6397c987

Device         Boot    Start      End  Sectors  Size Id Type
/dev/mmcblk0p1         32768   262143   229376  112M  c W95 FAT32 (LBA)
/dev/mmcblk0p2        262144 14598143 14336000  6.9G 83 Linux
/dev/mmcblk0p3      14598144 15523839   925696  452M  b W95 FAT32

Command (m for help): Partition number (1-3, default 3): 
Partition 2 has been deleted.

Command (m for help): Partition type
   p   primary (2 primary, 0 extended, 2 free)
   e   extended (container for logical partitions)
Select (default p): Partition number (2,4, default 2): First sector (2048-14598143, default 2048): Last sector, +/-sectors or +/-size{K,M,G,T,P} (262144-14598143, default 14598143): 
Created a new partition 2 of type 'Linux' and of size 6.9 GiB.

Command (m for help): 
Disk /dev/mmcblk0: 7.41 GiB, 7948206080 bytes, 15523840 sectors
Units: sectors of 1 * 512 = 512 bytes
Sector size (logical/physical): 512 bytes / 512 bytes
I/O size (minimum/optimal): 512 bytes / 512 bytes
Disklabel type: dos
Disk identifier: 0x6397c987

Device         Boot    Start      End  Sectors  Size Id Type
/dev/mmcblk0p1         32768   262143   229376  112M  c W95 FAT32 (LBA)
/dev/mmcblk0p2        262144 14598143 14336000  6.9G 83 Linux
/dev/mmcblk0p3      14598144 15523839   925696  452M  b W95 FAT32

Command (m for help): The partition table has been altered.
Syncing disks.

