Aug  9 03:54:18 goadvance kernel: [   13.622888] IPv6: ADDRCONF(NETDEV_UP): eth0: link is not ready
Aug  9 03:54:18 goadvance kernel: [   13.677477] IPv6: ADDRCONF(NETDEV_UP): eth0: link is not ready
Aug  9 03:54:21 goadvance kernel: [   16.511823] r8152 1-1.4:1.0 eth0: carrier on
Aug  9 03:54:21 goadvance kernel: [   16.511975] IPv6: ADDRCONF(NETDEV_CHANGE): eth0: link becomes ready
Aug  9 03:54:24 goadvance kernel: [   20.191267] tty_port_close_start: tty->count = 1 port count = 2.
Aug  9 03:54:54 goadvance kernel: [   49.475138] rockchip-vop ff460000.vop: [drm:vop_crtc_enable] Update mode to 320x480p60, type: 16
Aug  9 03:54:54 goadvance kernel: [   49.492035] dw-mipi-dsi ff450000.dsi: final DSI-Link bandwidth: 450 x 1 Mbps
Aug  9 04:06:05 goadvance kernel: [  722.536910] rockchip-pm-domain ff000000.power-management:power-controller: Looking up pd_vo-supply from device tree
Aug  9 04:06:05 goadvance kernel: [  722.536954] rockchip-pm-domain ff000000.power-management:power-controller: Looking up pd_vo-supply property in node /power-management@ff000000/power-controller failed
Aug  9 04:06:05 goadvance kernel: [  722.537466] rockchip-vop ff460000.vop: [drm:vop_crtc_enable] Update mode to 320x480p60, type: 16
Aug  9 04:06:05 goadvance kernel: [  722.537880] dw-mipi-dsi ff450000.dsi: final DSI-Link bandwidth: 450 x 1 Mbps
Aug  9 04:11:28 goadvance kernel: [ 1045.219905] rockchip-vop ff460000.vop: [drm:vop_crtc_enable] Update mode to 320x480p60, type: 16
Aug  9 04:11:28 goadvance kernel: [ 1045.236796] dw-mipi-dsi ff450000.dsi: final DSI-Link bandwidth: 450 x 1 Mbps
Aug  9 04:11:32 goadvance kernel: [ 1049.568988] rockchip-vop ff460000.vop: [drm:vop_crtc_enable] Update mode to 320x480p60, type: 16
Aug  9 04:11:32 goadvance kernel: [ 1049.585830] dw-mipi-dsi ff450000.dsi: final DSI-Link bandwidth: 450 x 1 Mbps
Aug  9 04:11:35 goadvance kernel: [ 1052.018689] rockchip-vop ff460000.vop: [drm:vop_crtc_enable] Update mode to 320x480p60, type: 16
Aug  9 04:11:35 goadvance kernel: [ 1052.035538] dw-mipi-dsi ff450000.dsi: final DSI-Link bandwidth: 450 x 1 Mbps
Aug  9 04:15:06 goadvance kernel: [ 1263.732823] rockchip-vop ff460000.vop: [drm:vop_crtc_enable] Update mode to 320x480p60, type: 16
Aug  9 04:15:07 goadvance kernel: [ 1263.749712] dw-mipi-dsi ff450000.dsi: final DSI-Link bandwidth: 450 x 1 Mbps
Aug  9 04:17:34 goadvance kernel: [ 1411.234687] rockchip-vop ff460000.vop: [drm:vop_crtc_enable] Update mode to 320x480p60, type: 16
Aug  9 04:17:34 goadvance kernel: [ 1411.251542] dw-mipi-dsi ff450000.dsi: final DSI-Link bandwidth: 450 x 1 Mbps
Aug  9 04:17:38 goadvance kernel: [ 1415.300596] rockchip-vop ff460000.vop: [drm:vop_crtc_enable] Update mode to 320x480p60, type: 16
Aug  9 04:17:38 goadvance kernel: [ 1415.317526] dw-mipi-dsi ff450000.dsi: final DSI-Link bandwidth: 450 x 1 Mbps
Aug  9 04:18:39 goadvance kernel: [ 1476.414248] rockchip-vop ff460000.vop: [drm:vop_crtc_enable] Update mode to 320x480p60, type: 16
Aug  9 04:18:39 goadvance kernel: [ 1476.431139] dw-mipi-dsi ff450000.dsi: final DSI-Link bandwidth: 450 x 1 Mbps
Aug  9 04:18:53 goadvance kernel: [ 1490.143459] rockchip-vop ff460000.vop: [drm:vop_crtc_enable] Update mode to 320x480p60, type: 16
Aug  9 04:18:53 goadvance kernel: [ 1490.160299] dw-mipi-dsi ff450000.dsi: final DSI-Link bandwidth: 450 x 1 Mbps
Aug  9 04:19:11 rk2020 kernel: [    0.000000] Booting Linux on physical CPU 0x0
Aug  9 04:19:11 rk2020 kernel: [    0.000000] Initializing cgroup subsys cpuset
Aug  9 04:19:11 rk2020 kernel: [    0.000000] Initializing cgroup subsys cpu
Aug  9 04:19:11 rk2020 kernel: [    0.000000] Initializing cgroup subsys cpuacct
Aug  9 04:19:11 rk2020 kernel: [    0.000000] Linux version 4.4.189 (maruchan@akira) (gcc version 6.3.1 20170404 (Linaro GCC 6.3-2017.05) ) #1 SMP Sat Mar 7 21:50:42 EST 2020
Aug  9 04:19:11 rk2020 kernel: [    0.000000] Boot CPU: AArch64 Processor [410fd042]
Aug  9 04:19:11 rk2020 kernel: [    0.000000] Machine model: ODROID-GO2 for linux based on Rockchip rk3326
Aug  9 04:19:11 rk2020 kernel: [    0.000000] On node 0 totalpages: 253952
Aug  9 04:19:11 rk2020 kernel: [    0.000000]   DMA zone: 4088 pages used for memmap
Aug  9 04:19:11 rk2020 kernel: [    0.000000]   DMA zone: 0 pages reserved
Aug  9 04:19:11 rk2020 kernel: [    0.000000]   DMA zone: 253952 pages, LIFO batch:31
Aug  9 04:19:11 rk2020 kernel: [    0.000000] psci: probing for conduit method from DT.
Aug  9 04:19:11 rk2020 kernel: [    0.000000] psci: PSCIv1.0 detected in firmware.
Aug  9 04:19:11 rk2020 kernel: [    0.000000] psci: Using standard PSCI v0.2 function IDs
Aug  9 04:19:11 rk2020 kernel: [    0.000000] psci: Trusted OS migration not required
Aug  9 04:19:11 rk2020 kernel: [    0.000000] PERCPU: Embedded 21 pages/cpu @ffffffc03ff2d000 s45864 r8192 d31960 u86016
Aug  9 04:19:11 rk2020 kernel: [    0.000000] pcpu-alloc: s45864 r8192 d31960 u86016 alloc=21*4096
Aug  9 04:19:11 rk2020 kernel: [    0.000000] pcpu-alloc: [0] 0 [0] 1 [0] 2 [0] 3 
Aug  9 04:19:11 rk2020 kernel: [    0.000000] Detected VIPT I-cache on CPU0
Aug  9 04:19:11 rk2020 kernel: [    0.000000] Built 1 zonelists in Zone order, mobility grouping on.  Total pages: 249864
Aug  9 04:19:11 rk2020 kernel: [    0.000000] Kernel command line: root=UUID=e139ce78-9841-40fe-8823-96a304a09859 rootwait rw fsck.repair=yes net.ifnames=0 fbcon=rotate:3 console=/dev/ttyFIQ0 quiet splash plymouth.ignore-serial-consoles consoleblank=0
Aug  9 04:19:11 rk2020 kernel: [    0.000000] PID hash table entries: 4096 (order: 3, 32768 bytes)
Aug  9 04:19:11 rk2020 kernel: [    0.000000] Dentry cache hash table entries: 131072 (order: 8, 1048576 bytes)
Aug  9 04:19:11 rk2020 kernel: [    0.000000] Inode-cache hash table entries: 65536 (order: 7, 524288 bytes)
Aug  9 04:19:11 rk2020 kernel: [    0.000000] software IO TLB: mapped [mem 0x39f00000-0x3df00000] (64MB)
Aug  9 04:19:11 rk2020 kernel: [    0.000000] Memory: 900124K/1015808K available (8958K kernel code, 1236K rwdata, 3240K rodata, 960K init, 1881K bss, 115684K reserved, 0K cma-reserved)
Aug  9 04:19:11 rk2020 kernel: [    0.000000] Virtual kernel memory layout:
Aug  9 04:19:11 rk2020 kernel: [    0.000000]     modules : 0xffffff8000000000 - 0xffffff8008000000   (   128 MB)
Aug  9 04:19:11 rk2020 kernel: [    0.000000]     vmalloc : 0xffffff8008000000 - 0xffffffbdbfff0000   (   246 GB)
Aug  9 04:19:11 rk2020 kernel: [    0.000000]       .init : 0xffffff8008c70000 - 0xffffff8008d60000   (   960 KB)
Aug  9 04:19:11 rk2020 kernel: [    0.000000]       .text : 0xffffff8008080000 - 0xffffff8008940000   (  8960 KB)
Aug  9 04:19:11 rk2020 kernel: [    0.000000]     .rodata : 0xffffff8008940000 - 0xffffff8008c70000   (  3264 KB)
Aug  9 04:19:11 rk2020 kernel: [    0.000000]       .data : 0xffffff8008d60000 - 0xffffff8008e95008   (  1237 KB)
Aug  9 04:19:11 rk2020 kernel: [    0.000000]     vmemmap : 0xffffffbdc0000000 - 0xffffffbfc0000000   (     8 GB maximum)
Aug  9 04:19:11 rk2020 kernel: [    0.000000]               0xffffffbdc0008000 - 0xffffffbdc1000000   (    15 MB actual)
Aug  9 04:19:11 rk2020 kernel: [    0.000000]     fixed   : 0xffffffbffe7fb000 - 0xffffffbffec00000   (  4116 KB)
Aug  9 04:19:11 rk2020 kernel: [    0.000000]     PCI I/O : 0xffffffbffee00000 - 0xffffffbfffe00000   (    16 MB)
Aug  9 04:19:11 rk2020 kernel: [    0.000000]     memory  : 0xffffffc000200000 - 0xffffffc040000000   (  1022 MB)
Aug  9 04:19:11 rk2020 kernel: [    0.000000] SLUB: HWalign=64, Order=0-3, MinObjects=0, CPUs=4, Nodes=1
Aug  9 04:19:11 rk2020 kernel: [    0.000000] Hierarchical RCU implementation.
Aug  9 04:19:11 rk2020 kernel: [    0.000000] 	Build-time adjustment of leaf fanout to 64.
Aug  9 04:19:11 rk2020 kernel: [    0.000000] 	RCU restricting CPUs from NR_CPUS=8 to nr_cpu_ids=4.
Aug  9 04:19:11 rk2020 kernel: [    0.000000] RCU: Adjusting geometry for rcu_fanout_leaf=64, nr_cpu_ids=4
Aug  9 04:19:11 rk2020 kernel: [    0.000000] NR_IRQS:64 nr_irqs:64 0
Aug  9 04:19:11 rk2020 kernel: [    0.000000] GIC: Using split EOI/Deactivate mode
Aug  9 04:19:11 rk2020 kernel: [    0.000000] rockchip_mmc_get_phase: invalid clk rate
Aug  9 04:19:11 rk2020 kernel: message repeated 5 times: [[    0.000000] rockchip_mmc_get_phase: invalid clk rate]
Aug  9 04:19:11 rk2020 kernel: [    0.000000] Architected cp15 timer(s) running at 24.00MHz (phys).
Aug  9 04:19:11 rk2020 kernel: [    0.000000] clocksource: arch_sys_counter: mask: 0xffffffffffffff max_cycles: 0x588fe9dc0, max_idle_ns: 440795202592 ns
Aug  9 04:19:11 rk2020 kernel: [    0.000010] sched_clock: 56 bits at 24MHz, resolution 41ns, wraps every 4398046511097ns
Aug  9 04:19:11 rk2020 kernel: [    0.001805] Console: colour dummy device 80x25
Aug  9 04:19:11 rk2020 kernel: [    0.001845] Calibrating delay loop (skipped), value calculated using timer frequency.. 48.00 BogoMIPS (lpj=96000)
Aug  9 04:19:11 rk2020 kernel: [    0.001869] pid_max: default: 32768 minimum: 301
Aug  9 04:19:11 rk2020 kernel: [    0.002087] Mount-cache hash table entries: 2048 (order: 2, 16384 bytes)
Aug  9 04:19:11 rk2020 kernel: [    0.002108] Mountpoint-cache hash table entries: 2048 (order: 2, 16384 bytes)
Aug  9 04:19:11 rk2020 kernel: [    0.003189] Initializing cgroup subsys devices
Aug  9 04:19:11 rk2020 kernel: [    0.003219] Initializing cgroup subsys freezer
Aug  9 04:19:11 rk2020 kernel: [    0.003248] Initializing cgroup subsys net_cls
Aug  9 04:19:11 rk2020 kernel: [    0.003294] ftrace: allocating 33393 entries in 131 pages
Aug  9 04:19:11 rk2020 kernel: [    0.118273] sched-energy: CPU device node has no sched-energy-costs
Aug  9 04:19:11 rk2020 kernel: [    0.118308] Invalid sched_group_energy for CPU0
Aug  9 04:19:11 rk2020 kernel: [    0.118321] CPU0: update cpu_capacity 1024
Aug  9 04:19:11 rk2020 kernel: [    0.118403] ASID allocator initialised with 32768 entries
Aug  9 04:19:11 rk2020 kernel: [    0.124155] Detected VIPT I-cache on CPU1
Aug  9 04:19:11 rk2020 kernel: [    0.124243] Invalid sched_group_energy for CPU1
Aug  9 04:19:11 rk2020 kernel: [    0.124251] CPU1: update cpu_capacity 1024
Aug  9 04:19:11 rk2020 kernel: [    0.124257] CPU1: Booted secondary processor [410fd042]
Aug  9 04:19:11 rk2020 kernel: [    0.125267] Detected VIPT I-cache on CPU2
Aug  9 04:19:11 rk2020 kernel: [    0.125333] Invalid sched_group_energy for CPU2
Aug  9 04:19:11 rk2020 kernel: [    0.125340] CPU2: update cpu_capacity 1024
Aug  9 04:19:11 rk2020 kernel: [    0.125347] CPU2: Booted secondary processor [410fd042]
Aug  9 04:19:11 rk2020 kernel: [    0.126401] Detected VIPT I-cache on CPU3
Aug  9 04:19:11 rk2020 kernel: [    0.126464] Invalid sched_group_energy for CPU3
Aug  9 04:19:11 rk2020 kernel: [    0.126471] CPU3: update cpu_capacity 1024
Aug  9 04:19:11 rk2020 kernel: [    0.126478] CPU3: Booted secondary processor [410fd042]
Aug  9 04:19:11 rk2020 kernel: [    0.126616] Brought up 4 CPUs
Aug  9 04:19:11 rk2020 kernel: [    0.126699] SMP: Total of 4 processors activated.
Aug  9 04:19:11 rk2020 kernel: [    0.126718] CPU features: detected feature: 32-bit EL0 Support
Aug  9 04:19:11 rk2020 kernel: [    0.126737] CPU: All CPU(s) started at EL2
Aug  9 04:19:11 rk2020 kernel: [    0.127045] Invalid sched_group_energy for CPU3
Aug  9 04:19:11 rk2020 kernel: [    0.127063] Invalid sched_group_energy for Cluster3
Aug  9 04:19:11 rk2020 kernel: [    0.127075] Invalid sched_group_energy for CPU2
Aug  9 04:19:11 rk2020 kernel: [    0.127088] Invalid sched_group_energy for Cluster2
Aug  9 04:19:11 rk2020 kernel: [    0.127101] Invalid sched_group_energy for CPU1
Aug  9 04:19:11 rk2020 kernel: [    0.127113] Invalid sched_group_energy for Cluster1
Aug  9 04:19:11 rk2020 kernel: [    0.127125] Invalid sched_group_energy for CPU0
Aug  9 04:19:11 rk2020 kernel: [    0.127138] Invalid sched_group_energy for Cluster0
Aug  9 04:19:11 rk2020 kernel: [    0.128197] devtmpfs: initialized
Aug  9 04:19:11 rk2020 kernel: [    0.163624] clocksource: jiffies: mask: 0xffffffff max_cycles: 0xffffffff, max_idle_ns: 7645041785100000 ns
Aug  9 04:19:11 rk2020 kernel: [    0.163675] futex hash table entries: 1024 (order: 4, 65536 bytes)
Aug  9 04:19:11 rk2020 kernel: [    0.164448] pinctrl core: initialized pinctrl subsystem
Aug  9 04:19:11 rk2020 kernel: [    0.164981] regulator-dummy: no parameters
Aug  9 04:19:11 rk2020 kernel: [    0.166392] NET: Registered protocol family 16
Aug  9 04:19:11 rk2020 kernel: [    0.178309] cpuidle: using governor ladder
Aug  9 04:19:11 rk2020 kernel: [    0.190324] cpuidle: using governor menu
Aug  9 04:19:11 rk2020 kernel: [    0.190378] Registered FIQ tty driver
Aug  9 04:19:11 rk2020 kernel: [    0.190915] vdso: 2 pages (1 code @ ffffff8008946000, 1 data @ ffffff8008d64000)
Aug  9 04:19:11 rk2020 kernel: [    0.190965] hw-breakpoint: found 6 breakpoint and 4 watchpoint registers.
Aug  9 04:19:11 rk2020 kernel: [    0.191207] DMA: preallocated 256 KiB pool for atomic allocations
Aug  9 04:19:11 rk2020 kernel: [    0.219987] gpiochip_add_data: registered GPIOs 0 to 31 on device: gpio0
Aug  9 04:19:11 rk2020 kernel: [    0.220166] gpiochip_add_data: registered GPIOs 32 to 63 on device: gpio1
Aug  9 04:19:11 rk2020 kernel: [    0.220346] gpiochip_add_data: registered GPIOs 64 to 95 on device: gpio2
Aug  9 04:19:11 rk2020 kernel: [    0.220513] gpiochip_add_data: registered GPIOs 96 to 127 on device: gpio3
Aug  9 04:19:11 rk2020 kernel: [    0.236946] genirq: Setting trigger mode 8 for irq 170 failed (gic_set_type+0x0/0x64)
Aug  9 04:19:11 rk2020 kernel: [    0.240452] console [pstore-1] enabled
Aug  9 04:19:11 rk2020 kernel: [    0.240469] pstore: Registered ramoops as persistent store backend
Aug  9 04:19:11 rk2020 kernel: [    0.240487] ramoops: attached 0xf0000@0x110000, ecc: 0/0
Aug  9 04:19:11 rk2020 kernel: [    0.252009] console [ttyFIQ0] enabled
Aug  9 04:19:11 rk2020 kernel: [    0.252470] Registered fiq debugger ttyFIQ0
Aug  9 04:19:11 rk2020 kernel: [    0.278879] rockchip-pm rockchip-suspend: not set pwm-regulator-config
Aug  9 04:19:11 rk2020 kernel: [    0.279941] of_get_named_gpiod_flags: can't parse 'gpio' property of node '/vccsys[0]'
Aug  9 04:19:11 rk2020 kernel: [    0.280002] vcc3v8_sys: 3800 mV 
Aug  9 04:19:11 rk2020 kernel: [    0.280465] reg-fixed-voltage vccsys: vcc3v8_sys supplying 3800000uV
Aug  9 04:19:11 rk2020 kernel: [    0.280751] of_get_named_gpiod_flags: parsed 'gpio' property of node '/vcc_host[0]' - status (0)
Aug  9 04:19:11 rk2020 kernel: [    0.280876] reg-fixed-voltage vcc_host: Looking up vin-supply from device tree
Aug  9 04:19:11 rk2020 kernel: [    0.281057] vcc_host: supplied by vcc3v8_sys
Aug  9 04:19:11 rk2020 kernel: [    0.281207] vcc_host: 5000 mV 
Aug  9 04:19:11 rk2020 kernel: [    0.281598] reg-fixed-voltage vcc_host: vcc_host supplying 5000000uV
Aug  9 04:19:11 rk2020 kernel: [    0.282774] iommu: Adding device ff440000.hevc_service to group 0
Aug  9 04:19:11 rk2020 kernel: [    0.282960] iommu: Adding device ff442000.vpu_service to group 1
Aug  9 04:19:11 rk2020 kernel: [    0.283119] iommu: Adding device ff460000.vop to group 2
Aug  9 04:19:11 rk2020 kernel: [    0.283278] iommu: Adding device ff4a0000.rkisp1 to group 3
Aug  9 04:19:11 rk2020 kernel: [    0.284008] rockchip-pm-domain ff000000.power-management:power-controller: Looking up pd_vpu-supply from device tree
Aug  9 04:19:11 rk2020 kernel: [    0.284042] rockchip-pm-domain ff000000.power-management:power-controller: Looking up pd_vpu-supply property in node /power-management@ff000000/power-controller failed
Aug  9 04:19:11 rk2020 kernel: [    0.284389] rk_iommu ff440440.iommu: can't get sclk
Aug  9 04:19:11 rk2020 kernel: [    0.285007] rk_iommu ff442800.iommu: can't get sclk
Aug  9 04:19:11 rk2020 kernel: [    0.285393] rk_iommu ff460f00.iommu: can't get sclk
Aug  9 04:19:11 rk2020 kernel: [    0.285619] rockchip-pm-domain ff000000.power-management:power-controller: Looking up pd_vi-supply from device tree
Aug  9 04:19:11 rk2020 kernel: [    0.285650] rockchip-pm-domain ff000000.power-management:power-controller: Looking up pd_vi-supply property in node /power-management@ff000000/power-controller failed
Aug  9 04:19:11 rk2020 kernel: [    0.285864] rk_iommu ff490800.iommu: can't get sclk
Aug  9 04:19:11 rk2020 kernel: [    0.286195] rk_iommu ff4a8000.iommu: can't get sclk
Aug  9 04:19:11 rk2020 kernel: [    0.287022] SCSI subsystem initialized
Aug  9 04:19:11 rk2020 kernel: [    0.287455] usbcore: registered new interface driver usbfs
Aug  9 04:19:11 rk2020 kernel: [    0.287559] usbcore: registered new interface driver hub
Aug  9 04:19:11 rk2020 kernel: [    0.287750] usbcore: registered new device driver usb
Aug  9 04:19:11 rk2020 kernel: [    0.287887] media: Linux media interface: v0.10
Aug  9 04:19:11 rk2020 kernel: [    0.287979] Linux video capture interface: v2.00
Aug  9 04:19:11 rk2020 kernel: [    0.288106] pps_core: LinuxPPS API ver. 1 registered
Aug  9 04:19:11 rk2020 kernel: [    0.288124] pps_core: Software ver. 5.3.6 - Copyright 2005-2007 Rodolfo Giometti <giometti@linux.it>
Aug  9 04:19:11 rk2020 kernel: [    0.288172] PTP clock support registered
Aug  9 04:19:11 rk2020 kernel: [    0.290318] Advanced Linux Sound Architecture Driver Initialized.
Aug  9 04:19:11 rk2020 kernel: [    0.291482] Bluetooth: Core ver 2.21
Aug  9 04:19:11 rk2020 kernel: [    0.291567] NET: Registered protocol family 31
Aug  9 04:19:11 rk2020 kernel: [    0.291584] Bluetooth: HCI device and connection manager initialized
Aug  9 04:19:11 rk2020 kernel: [    0.291611] Bluetooth: HCI socket layer initialized
Aug  9 04:19:11 rk2020 kernel: [    0.291635] Bluetooth: L2CAP socket layer initialized
Aug  9 04:19:11 rk2020 kernel: [    0.291731] Bluetooth: SCO socket layer initialized
Aug  9 04:19:11 rk2020 kernel: [    0.293444] rockchip-cpuinfo cpuinfo: Serial		: 5c9ed24d851ffac3
Aug  9 04:19:11 rk2020 kernel: [    0.294536] clocksource: Switched to clocksource arch_sys_counter
Aug  9 04:19:11 rk2020 kernel: [    0.394879] FS-Cache: Loaded
Aug  9 04:19:11 rk2020 kernel: [    0.414663] thermal thermal_zone1: power_allocator: sustainable_power will be estimated
Aug  9 04:19:11 rk2020 kernel: [    0.414912] NET: Registered protocol family 2
Aug  9 04:19:11 rk2020 kernel: [    0.416007] TCP established hash table entries: 8192 (order: 4, 65536 bytes)
Aug  9 04:19:11 rk2020 kernel: [    0.416188] TCP bind hash table entries: 8192 (order: 6, 262144 bytes)
Aug  9 04:19:11 rk2020 kernel: [    0.416702] TCP: Hash tables configured (established 8192 bind 8192)
Aug  9 04:19:11 rk2020 kernel: [    0.416867] UDP hash table entries: 512 (order: 3, 49152 bytes)
Aug  9 04:19:11 rk2020 kernel: [    0.416978] UDP-Lite hash table entries: 512 (order: 3, 49152 bytes)
Aug  9 04:19:11 rk2020 kernel: [    0.417491] NET: Registered protocol family 1
Aug  9 04:19:11 rk2020 kernel: [    0.418199] RPC: Registered named UNIX socket transport module.
Aug  9 04:19:11 rk2020 kernel: [    0.418224] RPC: Registered udp transport module.
Aug  9 04:19:11 rk2020 kernel: [    0.418239] RPC: Registered tcp transport module.
Aug  9 04:19:11 rk2020 kernel: [    0.418254] RPC: Registered tcp NFSv4.1 backchannel transport module.
Aug  9 04:19:11 rk2020 kernel: [    0.419773] Trying to unpack rootfs image as initramfs...
Aug  9 04:19:11 rk2020 kernel: [    0.792696] Freeing initrd memory: 12884K
Aug  9 04:19:11 rk2020 kernel: [    0.793646] hw perfevents: enabled with armv8_cortex_a53 PMU driver, 7 counters available
Aug  9 04:19:11 rk2020 kernel: [    0.795333] kvm [1]: 8-bit VMID
Aug  9 04:19:11 rk2020 kernel: [    0.795355] kvm [1]: Hyp mode initialized successfully
Aug  9 04:19:11 rk2020 kernel: [    0.795696] kvm [1]: interrupt-controller@ff134000 IRQ11
Aug  9 04:19:11 rk2020 kernel: [    0.796191] kvm [1]: timer IRQ3
Aug  9 04:19:11 rk2020 kernel: [    0.802101] Initialise system trusted keyring
Aug  9 04:19:11 rk2020 kernel: [    0.821247] squashfs: version 4.0 (2009/01/31) Phillip Lougher
Aug  9 04:19:11 rk2020 kernel: [    0.823083] NFS: Registering the id_resolver key type
Aug  9 04:19:11 rk2020 kernel: [    0.823174] Key type id_resolver registered
Aug  9 04:19:11 rk2020 kernel: [    0.823191] Key type id_legacy registered
Aug  9 04:19:11 rk2020 kernel: [    0.823676] FS-Cache: Netfs 'cifs' registered for caching
Aug  9 04:19:11 rk2020 kernel: [    0.824308] Key type cifs.idmap registered
Aug  9 04:19:11 rk2020 kernel: [    0.824715] fuse init (API version 7.23)
Aug  9 04:19:11 rk2020 kernel: [    0.825512] SGI XFS with security attributes, no debug enabled
Aug  9 04:19:11 rk2020 kernel: [    0.836020] NET: Registered protocol family 38
Aug  9 04:19:11 rk2020 kernel: [    0.836099] Key type asymmetric registered
Aug  9 04:19:11 rk2020 kernel: [    0.836127] Asymmetric key parser 'x509' registered
Aug  9 04:19:11 rk2020 kernel: [    0.836579] Block layer SCSI generic (bsg) driver version 0.4 loaded (major 247)
Aug  9 04:19:11 rk2020 kernel: [    0.836614] io scheduler noop registered
Aug  9 04:19:11 rk2020 kernel: [    0.836642] io scheduler deadline registered
Aug  9 04:19:11 rk2020 kernel: [    0.836948] io scheduler cfq registered (default)
Aug  9 04:19:11 rk2020 kernel: [    0.838390] phy phy-ff2c0000.syscon:usb2-phy@100.0: Looking up phy-supply from device tree
Aug  9 04:19:11 rk2020 kernel: [    0.838424] phy phy-ff2c0000.syscon:usb2-phy@100.0: Looking up phy-supply property in node /syscon@ff2c0000/usb2-phy@100/host-port failed
Aug  9 04:19:11 rk2020 kernel: [    0.840837] phy phy-ff2e0000.video-phy.1: Looking up phy-supply from device tree
Aug  9 04:19:11 rk2020 kernel: [    0.840878] phy phy-ff2e0000.video-phy.1: Looking up phy-supply property in node /video-phy@ff2e0000 failed
Aug  9 04:19:11 rk2020 kernel: [    0.844977] pwm-backlight backlight: GPIO lookup for consumer enable
Aug  9 04:19:11 rk2020 kernel: [    0.845014] pwm-backlight backlight: using device tree for GPIO lookup
Aug  9 04:19:11 rk2020 kernel: [    0.845041] of_get_named_gpiod_flags: can't parse 'enable-gpios' property of node '/backlight[0]'
Aug  9 04:19:11 rk2020 kernel: [    0.845063] of_get_named_gpiod_flags: can't parse 'enable-gpio' property of node '/backlight[0]'
Aug  9 04:19:11 rk2020 kernel: [    0.845084] pwm-backlight backlight: using lookup tables for GPIO lookup
Aug  9 04:19:11 rk2020 kernel: [    0.845107] pwm-backlight backlight: lookup for GPIO enable failed
Aug  9 04:19:11 rk2020 kernel: [    0.845136] pwm-backlight backlight: Looking up power-supply from device tree
Aug  9 04:19:11 rk2020 kernel: [    0.845162] pwm-backlight backlight: Looking up power-supply property in node /backlight failed
Aug  9 04:19:11 rk2020 kernel: [    0.845188] backlight supply power not found, using dummy regulator
Aug  9 04:19:11 rk2020 kernel: [    0.846347] rk-vcodec vpu_combo: Looking up vcodec-supply from device tree
Aug  9 04:19:11 rk2020 kernel: [    0.846381] rk-vcodec vpu_combo: Looking up vcodec-supply property in node /vpu_combo failed
Aug  9 04:19:11 rk2020 kernel: [    0.846412] rk-vcodec vpu_combo: no regulator for vcodec
Aug  9 04:19:11 rk2020 kernel: [    0.847379] rk-vcodec vpu_combo: failed on clk_get clk_cabac
Aug  9 04:19:11 rk2020 kernel: [    0.853308] platform ff442000.vpu_service: probe device
Aug  9 04:19:11 rk2020 kernel: [    0.853871] platform ff442000.vpu_service: drm allocator with mmu enabled
Aug  9 04:19:11 rk2020 kernel: [    0.855313] platform ff440000.hevc_service: probe device
Aug  9 04:19:11 rk2020 kernel: [    0.855904] platform ff440000.hevc_service: drm allocator with mmu enabled
Aug  9 04:19:11 rk2020 kernel: [    0.856958] rk-vcodec vpu_combo: could not find power_model node
Aug  9 04:19:11 rk2020 kernel: [    0.863034] rk-vcodec vpu_combo: init success
Aug  9 04:19:11 rk2020 kernel: [    0.869483] dma-pl330 ff240000.dmac: Loaded driver for PL330 DMAC-241330
Aug  9 04:19:11 rk2020 kernel: [    0.869524] dma-pl330 ff240000.dmac: 	DBUFF-128x8bytes Num_Chans-8 Num_Peri-32 Num_Events-16
Aug  9 04:19:11 rk2020 kernel: [    0.870200] rockchip-pvtm ff010000.syscon:pmu-pvtm: failed to get rst 0 pmu
Aug  9 04:19:11 rk2020 kernel: [    0.870488] rockchip-pvtm ff148000.syscon:pvtm: failed to get rst 0 core
Aug  9 04:19:11 rk2020 kernel: [    0.871856] rockchip-system-monitor rockchip-system-monitor: system monitor probe
Aug  9 04:19:11 rk2020 kernel: [    0.873206] Serial: 8250/16550 driver, 5 ports, IRQ sharing disabled
Aug  9 04:19:11 rk2020 kernel: [    0.874433] ff158000.serial: ttyS1 at MMIO 0xff158000 (irq = 12, base_baud = 2500000) is a 16550A
Aug  9 04:19:11 rk2020 kernel: [    0.877046] [drm] Initialized drm 1.1.0 20060810
Aug  9 04:19:11 rk2020 kernel: [    0.880879] [drm] Rockchip DRM driver version: v1.0.1
Aug  9 04:19:11 rk2020 kernel: [    0.881259] rockchip-drm display-subsystem: devfreq is not set
Aug  9 04:19:11 rk2020 kernel: [    0.882229] rockchip-drm display-subsystem: bound ff460000.vop (ops 0xffffff80089f4138)
Aug  9 04:19:11 rk2020 kernel: [    0.882275] rockchip-drm display-subsystem: failed to bind ff450000.dsi (ops 0xffffff80089eb6b0): -517
Aug  9 04:19:11 rk2020 kernel: [    0.892235] rockchip-drm display-subsystem: master bind failed: -517
Aug  9 04:19:11 rk2020 kernel: [    0.895509] panel-simple-dsi ff450000.dsi.0: Looking up power-supply from device tree
Aug  9 04:19:11 rk2020 kernel: [    0.895600] panel-simple-dsi ff450000.dsi.0: failed to get power regulator: -517
Aug  9 04:19:11 rk2020 kernel: [    0.903515] rockchip-pm-domain ff000000.power-management:power-controller: Looking up pd_gpu-supply from device tree
Aug  9 04:19:11 rk2020 kernel: [    0.903549] rockchip-pm-domain ff000000.power-management:power-controller: Looking up pd_gpu-supply property in node /power-management@ff000000/power-controller failed
Aug  9 04:19:11 rk2020 kernel: [    0.903669] mali ff400000.gpu: Looking up mali-supply from device tree
Aug  9 04:19:11 rk2020 kernel: [    0.903708] mali ff400000.gpu: Failed to get regulator
Aug  9 04:19:11 rk2020 kernel: [    0.908891] mali ff400000.gpu: Power control initialization failed
Aug  9 04:19:11 rk2020 kernel: [    0.915779] Unable to detect cache hierarchy for CPU 0
Aug  9 04:19:11 rk2020 kernel: [    0.917564] brd: module loaded
Aug  9 04:19:11 rk2020 kernel: [    0.929602] loop: module loaded
Aug  9 04:19:11 rk2020 kernel: [    0.930967] zram: Added device: zram0
Aug  9 04:19:11 rk2020 kernel: [    0.931053] lkdtm: No crash points registered, enable through debugfs
Aug  9 04:19:11 rk2020 kernel: [    0.931968] ehci_hcd: USB 2.0 'Enhanced' Host Controller (EHCI) Driver
Aug  9 04:19:11 rk2020 kernel: [    0.932017] ehci-platform: EHCI generic platform driver
Aug  9 04:19:11 rk2020 kernel: [    0.932681] ohci_hcd: USB 1.1 'Open' Host Controller (OHCI) Driver
Aug  9 04:19:11 rk2020 kernel: [    0.932727] ohci-platform: OHCI generic platform driver
Aug  9 04:19:11 rk2020 kernel: [    0.933203] usbcore: registered new interface driver cdc_acm
Aug  9 04:19:11 rk2020 kernel: [    0.933221] cdc_acm: USB Abstract Control Model driver for USB modems and ISDN adapters
Aug  9 04:19:11 rk2020 kernel: [    0.933327] usbcore: registered new interface driver cdc_wdm
Aug  9 04:19:11 rk2020 kernel: [    0.933507] usbcore: registered new interface driver usbserial
Aug  9 04:19:11 rk2020 kernel: [    0.933579] usbcore: registered new interface driver usbserial_generic
Aug  9 04:19:11 rk2020 kernel: [    0.933650] usbserial: USB Serial support registered for generic
Aug  9 04:19:11 rk2020 kernel: [    0.934597] i2c /dev entries driver
Aug  9 04:19:11 rk2020 kernel: [    0.937289] rk808 0-0020: Pmic Chip id: 0x8170
Aug  9 04:19:11 rk2020 kernel: [    0.937807] rk808 0-0020: source: on=0x80, off=0x80
Aug  9 04:19:11 rk2020 kernel: [    0.938744] rk808 0-0020: support dcdc3 fb mode:-22, 956863488
Aug  9 04:19:11 rk2020 kernel: [    0.939063] rk808 0-0020: support pmic reset mode:0,1
Aug  9 04:19:11 rk2020 kernel: [    0.939388] gpiochip_find_base: found new base at 509
Aug  9 04:19:11 rk2020 kernel: [    0.939628] gpiochip_add_data: registered GPIOs 509 to 511 on device: rk817-gpio
Aug  9 04:19:11 rk2020 kernel: [    0.939784] GPIO chip rk817-gpio: created GPIO range 0->2 ==> rk805-pinctrl PIN 0->2
Aug  9 04:19:11 rk2020 kernel: [    0.943557] rk808 0-0020: GPIO lookup for consumer dvs
Aug  9 04:19:11 rk2020 kernel: [    0.943593] rk808 0-0020: using device tree for GPIO lookup
Aug  9 04:19:11 rk2020 kernel: [    0.943625] of_get_named_gpiod_flags: can't parse 'dvs-gpios' property of node '/i2c@ff180000/pmic@20[0]'
Aug  9 04:19:11 rk2020 kernel: [    0.943649] of_get_named_gpiod_flags: can't parse 'dvs-gpio' property of node '/i2c@ff180000/pmic@20[0]'
Aug  9 04:19:11 rk2020 kernel: [    0.943670] rk808 0-0020: using lookup tables for GPIO lookup
Aug  9 04:19:11 rk2020 kernel: [    0.943692] rk808 0-0020: lookup for GPIO dvs failed
Aug  9 04:19:11 rk2020 kernel: [    0.943715] rk808-regulator rk808-regulator: there is no dvs0 gpio
Aug  9 04:19:11 rk2020 kernel: [    0.943736] rk808 0-0020: GPIO lookup for consumer dvs
Aug  9 04:19:11 rk2020 kernel: [    0.943755] rk808 0-0020: using device tree for GPIO lookup
Aug  9 04:19:11 rk2020 kernel: [    0.943778] of_get_named_gpiod_flags: can't parse 'dvs-gpios' property of node '/i2c@ff180000/pmic@20[1]'
Aug  9 04:19:11 rk2020 kernel: [    0.943802] of_get_named_gpiod_flags: can't parse 'dvs-gpio' property of node '/i2c@ff180000/pmic@20[1]'
Aug  9 04:19:11 rk2020 kernel: [    0.943823] rk808 0-0020: using lookup tables for GPIO lookup
Aug  9 04:19:11 rk2020 kernel: [    0.943844] rk808 0-0020: lookup for GPIO dvs failed
Aug  9 04:19:11 rk2020 kernel: [    0.943865] rk808-regulator rk808-regulator: there is no dvs1 gpio
Aug  9 04:19:11 rk2020 kernel: [    0.943967] rk808 0-0020: Looking up vcc1-supply from device tree
Aug  9 04:19:11 rk2020 kernel: [    0.944198] DCDC_REG1: supplied by vcc3v8_sys
Aug  9 04:19:11 rk2020 kernel: [    0.945482] vdd_logic: 950 <--> 1150 mV at 1100 mV 
Aug  9 04:19:11 rk2020 kernel: [    0.946462] rk808 0-0020: Looking up vcc2-supply from device tree
Aug  9 04:19:11 rk2020 kernel: [    0.946753] DCDC_REG2: supplied by vcc3v8_sys
Aug  9 04:19:11 rk2020 kernel: [    0.947964] vdd_arm: 950 <--> 1350 mV at 1100 mV 
Aug  9 04:19:11 rk2020 kernel: [    0.948927] rk808 0-0020: Looking up vcc3-supply from device tree
Aug  9 04:19:11 rk2020 kernel: [    0.949140] DCDC_REG3: supplied by vcc3v8_sys
Aug  9 04:19:11 rk2020 kernel: [    0.950026] vcc_ddr: at 500 mV 
Aug  9 04:19:11 rk2020 kernel: [    0.951015] rk808 0-0020: Looking up vcc4-supply from device tree
Aug  9 04:19:11 rk2020 kernel: [    0.951218] DCDC_REG4: supplied by vcc3v8_sys
Aug  9 04:19:11 rk2020 kernel: [    0.952150] vcc_3v3: 3300 mV 
Aug  9 04:19:11 rk2020 kernel: [    0.953080] rk808 0-0020: Looking up vcc5-supply from device tree
Aug  9 04:19:11 rk2020 kernel: [    0.953278] LDO_REG1: supplied by vcc3v8_sys
Aug  9 04:19:11 rk2020 kernel: [    0.953705] vcc_1v0: 1000 mV 
Aug  9 04:19:11 rk2020 kernel: [    0.954454] rk808 0-0020: Looking up vcc5-supply from device tree
Aug  9 04:19:11 rk2020 kernel: [    0.954713] LDO_REG2: supplied by vcc3v8_sys
Aug  9 04:19:11 rk2020 kernel: [    0.955988] vcc1v8_soc: 1800 mV 
Aug  9 04:19:11 rk2020 kernel: [    0.956934] rk808 0-0020: Looking up vcc5-supply from device tree
Aug  9 04:19:11 rk2020 kernel: [    0.957135] LDO_REG3: supplied by vcc3v8_sys
Aug  9 04:19:11 rk2020 kernel: [    0.958388] vcc1v0_soc: 1000 mV 
Aug  9 04:19:11 rk2020 kernel: [    0.959402] rk808 0-0020: Looking up vcc6-supply from device tree
Aug  9 04:19:11 rk2020 kernel: [    0.959613] LDO_REG4: supplied by vcc3v8_sys
Aug  9 04:19:11 rk2020 kernel: [    0.960885] vcc3v3_pmu: 3300 mV 
Aug  9 04:19:11 rk2020 kernel: [    0.961798] rk808 0-0020: Looking up vcc6-supply from device tree
Aug  9 04:19:11 rk2020 kernel: [    0.961992] LDO_REG5: supplied by vcc3v8_sys
Aug  9 04:19:11 rk2020 kernel: [    0.963431] vccio_sd: 1800 <--> 3300 mV at 3000 mV 
Aug  9 04:19:11 rk2020 kernel: [    0.964394] rk808 0-0020: Looking up vcc6-supply from device tree
Aug  9 04:19:11 rk2020 kernel: [    0.964591] LDO_REG6: supplied by vcc3v8_sys
Aug  9 04:19:11 rk2020 kernel: [    0.965850] vcc_sd: 3300 mV 
Aug  9 04:19:11 rk2020 kernel: [    0.966716] rk808 0-0020: Looking up vcc7-supply from device tree
Aug  9 04:19:11 rk2020 kernel: [    0.966920] LDO_REG7: supplied by vcc3v8_sys
Aug  9 04:19:11 rk2020 kernel: [    0.967365] vcc_backlight: 3300 mV 
Aug  9 04:19:11 rk2020 kernel: [    0.968154] rk808 0-0020: Looking up vcc7-supply from device tree
Aug  9 04:19:11 rk2020 kernel: [    0.968350] LDO_REG8: supplied by vcc3v8_sys
Aug  9 04:19:11 rk2020 kernel: [    0.968786] vcc_lcd: 2800 mV 
Aug  9 04:19:11 rk2020 kernel: [    0.969540] rk808 0-0020: Looking up vcc7-supply from device tree
Aug  9 04:19:11 rk2020 kernel: [    0.969728] LDO_REG9: supplied by vcc3v8_sys
Aug  9 04:19:11 rk2020 kernel: [    0.970164] vcc_cam: 3000 mV 
Aug  9 04:19:11 rk2020 kernel: [    0.971039] rk808 0-0020: Looking up vcc8-supply from device tree
Aug  9 04:19:11 rk2020 kernel: [    0.971231] BOOST: supplied by vcc3v8_sys
Aug  9 04:19:11 rk2020 kernel: [    0.971661] boost: Bringing 4700000uV into 5000000-5000000uV
Aug  9 04:19:11 rk2020 kernel: [    0.972442] boost: ramp_delay not set
Aug  9 04:19:11 rk2020 kernel: [    0.973460] boost: 5000 <--> 5400 mV at 5000 mV 
Aug  9 04:19:11 rk2020 kernel: [    0.974418] rk808 0-0020: Looking up vcc9-supply from device tree
Aug  9 04:19:11 rk2020 kernel: [    0.974503] OTG_SWITCH: supplied by boost
Aug  9 04:19:11 rk2020 kernel: [    0.975433] otg_switch: at 5000 mV 
Aug  9 04:19:11 rk2020 kernel: [    0.976462] rk817-battery rk817-battery: fb_temperature missing!
Aug  9 04:19:11 rk2020 kernel: [    0.982580] rk817-battery rk817-battery: energy_mode missing!
Aug  9 04:19:11 rk2020 kernel: [    0.988369] rk817-battery rk817-battery: zero_reserve_dsoc missing!
Aug  9 04:19:11 rk2020 kernel: [    1.002998] rk817-bat: initialized yet..
Aug  9 04:19:11 rk2020 kernel: [    1.020009] rk817-charger rk817-charger: power_dc2otg missing!
Aug  9 04:19:11 rk2020 kernel: [    1.025930] rk817-charger rk817-charger: otg5v_suspend_enable missing!
Aug  9 04:19:11 rk2020 kernel: [    1.032852] of_get_named_gpiod_flags: parsed 'dc_det_gpio' property of node '/i2c@ff180000/pmic@20/charger[0]' - status (0)
Aug  9 04:19:11 rk2020 kernel: [    1.032916] of_get_named_gpiod_flags: parsed 'chg_led_gpio' property of node '/i2c@ff180000/pmic@20/charger[0]' - status (0)
Aug  9 04:19:11 rk2020 kernel: [    1.042677] input: rk8xx_pwrkey as /devices/platform/ff180000.i2c/i2c-0/0-0020/input/input0
Aug  9 04:19:11 rk2020 kernel: [    1.047320] rk808-rtc rk808-rtc: rtc core: registered rk808-rtc as rtc0
Aug  9 04:19:11 rk2020 kernel: [    1.049033] rk3x-i2c ff180000.i2c: Initialized RK3xxx I2C bus at ffffff80090f2000
Aug  9 04:19:11 rk2020 kernel: [    1.050338] rk3x-i2c ff190000.i2c: Initialized RK3xxx I2C bus at ffffff80090f4000
Aug  9 04:19:11 rk2020 kernel: [    1.051791] rk3x-i2c ff1a0000.i2c: Initialized RK3xxx I2C bus at ffffff80090f6000
Aug  9 04:19:11 rk2020 kernel: [    1.054282] IR NEC protocol handler initialized
Aug  9 04:19:11 rk2020 kernel: [    1.056801] rkisp1 ff4a0000.rkisp1: rkisp1 driver version: v00.01.05
Aug  9 04:19:11 rk2020 kernel: [    1.060082] rkisp1 ff4a0000.rkisp1: GPIO lookup for consumer vsirq
Aug  9 04:19:11 rk2020 kernel: [    1.060119] rkisp1 ff4a0000.rkisp1: using device tree for GPIO lookup
Aug  9 04:19:11 rk2020 kernel: [    1.060147] of_get_named_gpiod_flags: can't parse 'vsirq-gpios' property of node '/rkisp1@ff4a0000[0]'
Aug  9 04:19:11 rk2020 kernel: [    1.060171] of_get_named_gpiod_flags: can't parse 'vsirq-gpio' property of node '/rkisp1@ff4a0000[0]'
Aug  9 04:19:11 rk2020 kernel: [    1.060192] rkisp1 ff4a0000.rkisp1: using lookup tables for GPIO lookup
Aug  9 04:19:11 rk2020 kernel: [    1.060215] rkisp1 ff4a0000.rkisp1: lookup for GPIO vsirq failed
Aug  9 04:19:11 rk2020 kernel: [    1.060851] usbcore: registered new interface driver uvcvideo
Aug  9 04:19:11 rk2020 kernel: [    1.060870] USB Video Class driver (1.1.1)
Aug  9 04:19:11 rk2020 kernel: [    1.062000] rockchip-iodomain ff010000.syscon:io-domains: Looking up pmuio1-supply from device tree
Aug  9 04:19:11 rk2020 kernel: [    1.062591] rockchip-iodomain ff010000.syscon:io-domains: Looking up pmuio2-supply from device tree
Aug  9 04:19:11 rk2020 kernel: [    1.063313] rockchip-iodomain ff140000.syscon:io-domains: Looking up vccio6-supply from device tree
Aug  9 04:19:11 rk2020 kernel: [    1.063776] rockchip-iodomain ff140000.syscon:io-domains: Looking up vccio1-supply from device tree
Aug  9 04:19:11 rk2020 kernel: [    1.064219] rockchip-iodomain ff140000.syscon:io-domains: Looking up vccio2-supply from device tree
Aug  9 04:19:11 rk2020 kernel: [    1.064725] rockchip-iodomain ff140000.syscon:io-domains: Looking up vccio3-supply from device tree
Aug  9 04:19:11 rk2020 kernel: [    1.065171] rockchip-iodomain ff140000.syscon:io-domains: Looking up vccio4-supply from device tree
Aug  9 04:19:11 rk2020 kernel: [    1.065614] rockchip-iodomain ff140000.syscon:io-domains: Looking up vccio5-supply from device tree
Aug  9 04:19:11 rk2020 kernel: [    1.066063] rockchip-iodomain ff140000.syscon:io-domains: Looking up vccio-oscgpi-supply from device tree
Aug  9 04:19:11 rk2020 kernel: [    1.066095] rockchip-iodomain ff140000.syscon:io-domains: Looking up vccio-oscgpi-supply property in node /syscon@ff140000/io-domains failed
Aug  9 04:19:11 rk2020 kernel: [    1.068172] Boot mode: normal
Aug  9 04:19:11 rk2020 kernel: [    1.069491] rockchip-thermal ff280000.tsadc: Missing tshut mode property, using default (cru)
Aug  9 04:19:11 rk2020 kernel: [    1.069527] rockchip-thermal ff280000.tsadc: Missing tshut-polarity property, using default (low)
Aug  9 04:19:11 rk2020 kernel: [    1.069728] rk_tsadcv2_temp_to_code: Invalid conversion table: code=4095, temperature=2147483647
Aug  9 04:19:11 rk2020 kernel: [    1.079031] rockchip-thermal ff280000.tsadc: tsadc is probed successfully!
Aug  9 04:19:11 rk2020 kernel: [    1.080893] cpu cpu0: bin=0
Aug  9 04:19:11 rk2020 kernel: [    1.080990] cpu cpu0: leakage=9
Aug  9 04:19:11 rk2020 kernel: [    1.081057] cpu cpu0: Looking up cpu-supply from device tree
Aug  9 04:19:11 rk2020 kernel: [    1.094802] cpu cpu0: temp=44090, pvtm=54250 (54474 + -224)
Aug  9 04:19:11 rk2020 kernel: [    1.096025] cpu cpu0: pvtm-volt-sel=2
Aug  9 04:19:11 rk2020 kernel: [    1.096188] cpu cpu0: bin-scale=13
Aug  9 04:19:11 rk2020 kernel: [    1.096843] cpu cpu0: Looking up cpu-supply from device tree
Aug  9 04:19:11 rk2020 kernel: [    1.097373] cpu cpu0: Looking up cpu-supply from device tree
Aug  9 04:19:11 rk2020 kernel: [    1.098418] cpu cpu0: avs=1
Aug  9 04:19:11 rk2020 kernel: [    1.098700] cpu cpu0: l=0 h=2147483647 hyst=5000 l_limit=0 h_limit=0
Aug  9 04:19:11 rk2020 kernel: [    1.101406] cpu cpu0: failed to find power_model node
Aug  9 04:19:11 rk2020 kernel: [    1.107439] Synopsys Designware Multimedia Card Interface Driver
Aug  9 04:19:11 rk2020 kernel: [    1.108729] dwmmc_rockchip ff370000.dwmmc: num-slots property not found, assuming 1 slot is available
Aug  9 04:19:11 rk2020 kernel: [    1.108830] dwmmc_rockchip ff370000.dwmmc: IDMAC supports 32-bit address mode.
Aug  9 04:19:11 rk2020 kernel: [    1.108869] dwmmc_rockchip ff370000.dwmmc: Using internal DMA controller.
Aug  9 04:19:11 rk2020 kernel: [    1.108885] dwmmc_rockchip ff370000.dwmmc: Version ID is 270a
Aug  9 04:19:11 rk2020 kernel: [    1.108957] dwmmc_rockchip ff370000.dwmmc: DW MMC controller at irq 21,32 bit host data width,256 deep fifo
Aug  9 04:19:11 rk2020 kernel: [    1.108996] dwmmc_rockchip ff370000.dwmmc: Looking up vmmc-supply from device tree
Aug  9 04:19:11 rk2020 kernel: [    1.109099] dwmmc_rockchip ff370000.dwmmc: Looking up vqmmc-supply from device tree
Aug  9 04:19:11 rk2020 kernel: [    1.109395] dwmmc_rockchip ff370000.dwmmc: GPIO lookup for consumer cd
Aug  9 04:19:11 rk2020 kernel: [    1.109408] dwmmc_rockchip ff370000.dwmmc: using device tree for GPIO lookup
Aug  9 04:19:11 rk2020 kernel: [    1.109465] of_get_named_gpiod_flags: parsed 'cd-gpios' property of node '/dwmmc@ff370000[0]' - status (0)
Aug  9 04:19:11 rk2020 kernel: [    1.109512] gpio-3 (cd): gpiod_set_debounce: missing set() or set_debounce() operations
Aug  9 04:19:11 rk2020 kernel: [    1.109523] dwmmc_rockchip ff370000.dwmmc: Got CD GPIO
Aug  9 04:19:11 rk2020 kernel: [    1.109537] dwmmc_rockchip ff370000.dwmmc: GPIO lookup for consumer wp
Aug  9 04:19:11 rk2020 kernel: [    1.109546] dwmmc_rockchip ff370000.dwmmc: using device tree for GPIO lookup
Aug  9 04:19:11 rk2020 kernel: [    1.109558] of_get_named_gpiod_flags: can't parse 'wp-gpios' property of node '/dwmmc@ff370000[0]'
Aug  9 04:19:11 rk2020 kernel: [    1.109569] of_get_named_gpiod_flags: can't parse 'wp-gpio' property of node '/dwmmc@ff370000[0]'
Aug  9 04:19:11 rk2020 kernel: [    1.109580] dwmmc_rockchip ff370000.dwmmc: using lookup tables for GPIO lookup
Aug  9 04:19:11 rk2020 kernel: [    1.109591] dwmmc_rockchip ff370000.dwmmc: lookup for GPIO wp failed
Aug  9 04:19:11 rk2020 kernel: [    1.110580] rockchip-iodomain ff140000.syscon:io-domains: Setting to 3300000 done
Aug  9 04:19:11 rk2020 kernel: [    1.110957] vccio_sd: ramp_delay not set
Aug  9 04:19:11 rk2020 kernel: [    1.110974] rockchip-iodomain ff140000.syscon:io-domains: Setting to 3300000 done
Aug  9 04:19:11 rk2020 kernel: [    1.126866] mmc_host mmc0: Bus speed (slot 0) = 400000Hz (slot req 400000Hz, actual 400000HZ div = 0)
Aug  9 04:19:11 rk2020 kernel: [    1.144067] dwmmc_rockchip ff370000.dwmmc: 1 slots initialized
Aug  9 04:19:11 rk2020 kernel: [    1.147402] of_get_named_gpiod_flags: parsed 'gpios' property of node '/gpio_leds/heartbeat[0]' - status (0)
Aug  9 04:19:11 rk2020 kernel: [    1.150872] ledtrig-cpu: registered to indicate activity on CPUs
Aug  9 04:19:11 rk2020 kernel: [    1.150957] hidraw: raw HID events driver (C) Jiri Kosina
Aug  9 04:19:11 rk2020 kernel: [    1.151443] usbcore: registered new interface driver usbhid
Aug  9 04:19:11 rk2020 kernel: [    1.151472] usbhid: USB HID core driver
Aug  9 04:19:11 rk2020 kernel: [    1.152873] rockchip-dmc dmc: unable to get devfreq-event device : dfi
Aug  9 04:19:11 rk2020 kernel: [    1.160626] rockchip-saradc ff288000.saradc: Looking up vref-supply from device tree
Aug  9 04:19:11 rk2020 kernel: [    1.162192] rksfc_base v1.1 2016-01-08
Aug  9 04:19:11 rk2020 kernel: [    1.167436] usbcore: registered new interface driver snd-usb-audio
Aug  9 04:19:11 rk2020 kernel: [    1.168661] rk817-codec rk817-codec: GPIO lookup for consumer hp-ctl
Aug  9 04:19:11 rk2020 kernel: [    1.168684] rk817-codec rk817-codec: using device tree for GPIO lookup
Aug  9 04:19:11 rk2020 kernel: [    1.168699] of_get_named_gpiod_flags: can't parse 'hp-ctl-gpios' property of node '/i2c@ff180000/pmic@20/codec[0]'
Aug  9 04:19:11 rk2020 kernel: [    1.168711] of_get_named_gpiod_flags: can't parse 'hp-ctl-gpio' property of node '/i2c@ff180000/pmic@20/codec[0]'
Aug  9 04:19:11 rk2020 kernel: [    1.168722] rk817-codec rk817-codec: using lookup tables for GPIO lookup
Aug  9 04:19:11 rk2020 kernel: [    1.168733] rk817-codec rk817-codec: lookup for GPIO hp-ctl failed
Aug  9 04:19:11 rk2020 kernel: [    1.168745] rk817-codec rk817-codec: GPIO lookup for consumer spk-ctl
Aug  9 04:19:11 rk2020 kernel: [    1.168754] rk817-codec rk817-codec: using device tree for GPIO lookup
Aug  9 04:19:11 rk2020 kernel: [    1.168765] of_get_named_gpiod_flags: can't parse 'spk-ctl-gpios' property of node '/i2c@ff180000/pmic@20/codec[0]'
Aug  9 04:19:11 rk2020 kernel: [    1.168776] of_get_named_gpiod_flags: can't parse 'spk-ctl-gpio' property of node '/i2c@ff180000/pmic@20/codec[0]'
Aug  9 04:19:11 rk2020 kernel: [    1.168786] rk817-codec rk817-codec: using lookup tables for GPIO lookup
Aug  9 04:19:11 rk2020 kernel: [    1.168796] rk817-codec rk817-codec: lookup for GPIO spk-ctl failed
Aug  9 04:19:11 rk2020 kernel: [    1.171927] Initializing XFRM netlink socket
Aug  9 04:19:11 rk2020 kernel: [    1.171985] NET: Registered protocol family 17
Aug  9 04:19:11 rk2020 kernel: [    1.172090] [WLAN_RFKILL]: Enter rfkill_wlan_init
Aug  9 04:19:11 rk2020 kernel: [    1.172390] [BT_RFKILL]: Enter rfkill_rk_init
Aug  9 04:19:11 rk2020 kernel: [    1.172615] Key type dns_resolver registered
Aug  9 04:19:11 rk2020 kernel: [    1.173255] flash vendor_init_thread!
Aug  9 04:19:11 rk2020 kernel: [    1.173279] flash vendor storage:20170308 ret = -1
Aug  9 04:19:11 rk2020 kernel: [    1.173776] Registered cp15_barrier emulation handler
Aug  9 04:19:11 rk2020 kernel: [    1.173842] Registered setend emulation handler
Aug  9 04:19:11 rk2020 kernel: [    1.174926] Loading compiled-in X.509 certificates
Aug  9 04:19:11 rk2020 kernel: [    1.176484] rga2: Driver loaded successfully ver:4.00
Aug  9 04:19:11 rk2020 kernel: [    1.176775] rga2: Module initialized.
Aug  9 04:19:11 rk2020 kernel: [    1.177323] [drm] Rockchip DRM driver version: v1.0.1
Aug  9 04:19:11 rk2020 kernel: [    1.177675] rockchip-drm display-subsystem: devfreq is not set
Aug  9 04:19:11 rk2020 kernel: [    1.178346] rockchip-drm display-subsystem: bound ff460000.vop (ops 0xffffff80089f4138)
Aug  9 04:19:11 rk2020 kernel: [    1.178375] rockchip-drm display-subsystem: failed to bind ff450000.dsi (ops 0xffffff80089eb6b0): -517
Aug  9 04:19:11 rk2020 kernel: [    1.188153] rockchip-drm display-subsystem: master bind failed: -517
Aug  9 04:19:11 rk2020 kernel: [    1.188494] panel-simple-dsi ff450000.dsi.0: Looking up power-supply from device tree
Aug  9 04:19:11 rk2020 kernel: [    1.188649] panel-simple-dsi ff450000.dsi.0: Looking up backlight-supply from device tree
Aug  9 04:19:11 rk2020 kernel: [    1.188721] panel-simple-dsi ff450000.dsi.0: GPIO lookup for consumer enable
Aug  9 04:19:11 rk2020 kernel: [    1.188733] panel-simple-dsi ff450000.dsi.0: using device tree for GPIO lookup
Aug  9 04:19:11 rk2020 kernel: [    1.188748] of_get_named_gpiod_flags: can't parse 'enable-gpios' property of node '/dsi@ff450000/panel@0[0]'
Aug  9 04:19:11 rk2020 kernel: [    1.188761] of_get_named_gpiod_flags: can't parse 'enable-gpio' property of node '/dsi@ff450000/panel@0[0]'
Aug  9 04:19:11 rk2020 kernel: [    1.188771] panel-simple-dsi ff450000.dsi.0: using lookup tables for GPIO lookup
Aug  9 04:19:11 rk2020 kernel: [    1.188783] panel-simple-dsi ff450000.dsi.0: lookup for GPIO enable failed
Aug  9 04:19:11 rk2020 kernel: [    1.188873] of_get_named_gpiod_flags: parsed 'reset-gpios' property of node '/dsi@ff450000/panel@0[0]' - status (0)
Aug  9 04:19:11 rk2020 kernel: [    1.188941] panel-simple-dsi ff450000.dsi.0: reset-pin gpio = 112, active = 0
Aug  9 04:19:11 rk2020 kernel: [    1.189538] mali ff400000.gpu: Looking up mali-supply from device tree
Aug  9 04:19:11 rk2020 kernel: [    1.189996] mali ff400000.gpu: Failed to get leakage
Aug  9 04:19:11 rk2020 kernel: [    1.195032] mali ff400000.gpu: Looking up mali-supply from device tree
Aug  9 04:19:11 rk2020 kernel: [    1.195082] vdd_logic: could not add device link ff400000.gpu err -17
Aug  9 04:19:11 rk2020 kernel: [    1.195103] vdd_logic: Failed to create debugfs directory
Aug  9 04:19:11 rk2020 kernel: [    1.195478] mali ff400000.gpu: pvtm-volt-sel=2
Aug  9 04:19:11 rk2020 kernel: [    1.196038] mali ff400000.gpu: avs=0
Aug  9 04:19:11 rk2020 kernel: [    1.196096] W : [File] : drivers/gpu/arm/bifrost_for_linux/platform/rk/mali_kbase_config_rk.c; [Line] : 135; [Func] : kbase_platform_rk_init(); power-off-delay-ms not available.
Aug  9 04:19:11 rk2020 kernel: [    1.196884] mali ff400000.gpu: GPU identified as 0x3 arch 7.0.9 r0p0 status 0
Aug  9 04:19:11 rk2020 kernel: [    1.198085] mali ff400000.gpu: l=0 h=2147483647 hyst=5000 l_limit=0 h_limit=0
Aug  9 04:19:11 rk2020 kernel: [    1.198287] mali ff400000.gpu: Using configured power model mali-simple-power-model, and fallback mali-simple-power-model
Aug  9 04:19:11 rk2020 kernel: [    1.199411] mali ff400000.gpu: Probed as mali0
Aug  9 04:19:11 rk2020 kernel: [    1.200013] rockchip-dmc dmc: Looking up center-supply from device tree
Aug  9 04:19:11 rk2020 kernel: [    1.200324] rockchip-dmc dmc: current ATF version 0x105!
Aug  9 04:19:11 rk2020 kernel: [    1.200337] rockchip-dmc dmc: read tf version 0x105!
Aug  9 04:19:11 rk2020 kernel: [    1.202105] rockchip-dmc dmc: Failed to get leakage
Aug  9 04:19:11 rk2020 kernel: [    1.207076] rockchip-dmc dmc: Looking up center-supply from device tree
Aug  9 04:19:11 rk2020 kernel: [    1.207133] vdd_logic: could not add device link dmc err -17
Aug  9 04:19:11 rk2020 kernel: [    1.207160] vdd_logic: Failed to create debugfs directory
Aug  9 04:19:11 rk2020 kernel: [    1.207361] rockchip-dmc dmc: pvtm-volt-sel=2
Aug  9 04:19:11 rk2020 kernel: [    1.208001] rockchip-dmc dmc: avs=0
Aug  9 04:19:11 rk2020 kernel: [    1.208038] rockchip-dmc dmc: failed to get vop bandwidth to dmc rate
Aug  9 04:19:11 rk2020 kernel: [    1.214545] rockchip-dmc dmc: failed to get vop pn to msch rl
Aug  9 04:19:11 rk2020 kernel: [    1.220775] rockchip-dmc dmc: l=-2147483648 h=2147483647 hyst=0 l_limit=0 h_limit=0
Aug  9 04:19:11 rk2020 kernel: [    1.222911] rockchip-iodomain ff140000.syscon:io-domains: Setting to 3300000 done
Aug  9 04:19:11 rk2020 kernel: [    1.223178] vccio_sd: ramp_delay not set
Aug  9 04:19:11 rk2020 kernel: [    1.223193] rockchip-iodomain ff140000.syscon:io-domains: Setting to 1800000 done
Aug  9 04:19:11 rk2020 kernel: [    1.241930] devfreq dmc: Couldn't update frequency transition information.
Aug  9 04:19:11 rk2020 kernel: [    1.249593] of_get_named_gpiod_flags: parsed 'simple-audio-card,hp-det-gpio' property of node '/rk817-sound[0]' - status (0)
Aug  9 04:19:11 rk2020 kernel: [    1.249612] of_get_named_gpiod_flags: can't parse 'simple-audio-card,mic-det-gpio' property of node '/rk817-sound[0]'
Aug  9 04:19:11 rk2020 kernel: [    1.254232] asoc-simple-card rk817-sound: rk817-hifi <-> ff070000.i2s mapping ok
Aug  9 04:19:11 rk2020 kernel: [    1.254275] asoc-simple-card rk817-sound: ASoC: no sink widget found for MIC_IN
Aug  9 04:19:11 rk2020 kernel: [    1.261688] asoc-simple-card rk817-sound: ASoC: Failed to add route Mic Jack -> direct -> MIC_IN
Aug  9 04:19:11 rk2020 kernel: [    1.270480] asoc-simple-card rk817-sound: ASoC: no source widget found for HPOL
Aug  9 04:19:11 rk2020 kernel: [    1.277822] asoc-simple-card rk817-sound: ASoC: Failed to add route HPOL -> direct -> Headphone Jack
Aug  9 04:19:11 rk2020 kernel: [    1.286969] asoc-simple-card rk817-sound: ASoC: no source widget found for HPOR
Aug  9 04:19:11 rk2020 kernel: [    1.294290] asoc-simple-card rk817-sound: ASoC: Failed to add route HPOR -> direct -> Headphone Jack
Aug  9 04:19:11 rk2020 kernel: [    1.305016] input: rockchip,rk817-codec Headphones as /devices/platform/rk817-sound/sound/card0/input1
Aug  9 04:19:11 rk2020 kernel: [    1.305834] [drm] Rockchip DRM driver version: v1.0.1
Aug  9 04:19:11 rk2020 kernel: [    1.306221] rockchip-drm display-subsystem: devfreq is not set
Aug  9 04:19:11 rk2020 kernel: [    1.306967] rockchip-drm display-subsystem: bound ff460000.vop (ops 0xffffff80089f4138)
Aug  9 04:19:11 rk2020 kernel: [    1.307072] rockchip-drm display-subsystem: bound ff450000.dsi (ops 0xffffff80089eb6b0)
Aug  9 04:19:11 rk2020 kernel: [    1.307086] [drm] Supports vblank timestamp caching Rev 2 (21.10.2013).
Aug  9 04:19:11 rk2020 kernel: [    1.307094] [drm] No driver support for vblank timestamp query.
Aug  9 04:19:11 rk2020 kernel: [    1.307397] get_framebuffer_by_node: failed to get logo,offset
Aug  9 04:19:11 rk2020 kernel: [    1.313290] rockchip-drm display-subsystem: can't not find any loader display
Aug  9 04:19:11 rk2020 kernel: [    1.313308] rockchip-drm display-subsystem: failed to show loader logo
Aug  9 04:19:11 rk2020 kernel: [    1.314186] mmc_host mmc0: Bus speed (slot 0) = 100000000Hz (slot req 100000000Hz, actual 100000000HZ div = 0)
Aug  9 04:19:11 rk2020 kernel: [    1.320121] Freeing drm_logo memory: 1624K
Aug  9 04:19:11 rk2020 kernel: [    1.322365] rockchip-vop ff460000.vop: [drm:vop_crtc_enable] Update mode to 320x480p60, type: 16
Aug  9 04:19:11 rk2020 kernel: [    1.338368] dw-mipi-dsi ff450000.dsi: final DSI-Link bandwidth: 450 x 1 Mbps
Aug  9 04:19:11 rk2020 kernel: [    1.691523] dwmmc_rockchip ff370000.dwmmc: Successfully tuned phase to 120
Aug  9 04:19:11 rk2020 kernel: [    1.691549] mmc0: new ultra high speed SDR50 SDHC card at address aaaa
Aug  9 04:19:11 rk2020 kernel: [    1.692413] mmcblk0: mmc0:aaaa SS08G 7.40 GiB 
Aug  9 04:19:11 rk2020 kernel: [    1.695443]  mmcblk0: p1 p2 p3
Aug  9 04:19:11 rk2020 kernel: [    1.824492] Console: switching to colour frame buffer device 60x20
Aug  9 04:19:11 rk2020 kernel: [    1.857466] rockchip-drm display-subsystem: fb0:  frame buffer device
Aug  9 04:19:11 rk2020 kernel: [    1.869261] odroidgo2_joypad odroidgo2-joypad: joypad_dt_parse : invert-absx = 0, inveret-absy = 0
Aug  9 04:19:11 rk2020 kernel: [    1.869420] of_get_named_gpiod_flags: parsed 'gpios' property of node '/odroidgo2-joypad/sw1[0]' - status (0)
Aug  9 04:19:11 rk2020 kernel: [    1.869482] of_get_named_gpiod_flags: parsed 'gpios' property of node '/odroidgo2-joypad/sw2[0]' - status (0)
Aug  9 04:19:11 rk2020 kernel: [    1.869520] of_get_named_gpiod_flags: parsed 'gpios' property of node '/odroidgo2-joypad/sw3[0]' - status (0)
Aug  9 04:19:11 rk2020 kernel: [    1.869557] of_get_named_gpiod_flags: parsed 'gpios' property of node '/odroidgo2-joypad/sw4[0]' - status (0)
Aug  9 04:19:11 rk2020 kernel: [    1.869594] of_get_named_gpiod_flags: parsed 'gpios' property of node '/odroidgo2-joypad/sw5[0]' - status (0)
Aug  9 04:19:11 rk2020 kernel: [    1.869631] of_get_named_gpiod_flags: parsed 'gpios' property of node '/odroidgo2-joypad/sw6[0]' - status (0)
Aug  9 04:19:11 rk2020 kernel: [    1.869668] of_get_named_gpiod_flags: parsed 'gpios' property of node '/odroidgo2-joypad/sw7[0]' - status (0)
Aug  9 04:19:11 rk2020 kernel: [    1.869706] of_get_named_gpiod_flags: parsed 'gpios' property of node '/odroidgo2-joypad/sw8[0]' - status (0)
Aug  9 04:19:11 rk2020 kernel: [    1.869744] of_get_named_gpiod_flags: parsed 'gpios' property of node '/odroidgo2-joypad/sw9[0]' - status (0)
Aug  9 04:19:11 rk2020 kernel: [    1.869781] of_get_named_gpiod_flags: parsed 'gpios' property of node '/odroidgo2-joypad/sw10[0]' - status (0)
Aug  9 04:19:11 rk2020 kernel: [    1.869816] of_get_named_gpiod_flags: parsed 'gpios' property of node '/odroidgo2-joypad/sw11[0]' - status (0)
Aug  9 04:19:11 rk2020 kernel: [    1.869851] of_get_named_gpiod_flags: parsed 'gpios' property of node '/odroidgo2-joypad/sw12[0]' - status (0)
Aug  9 04:19:11 rk2020 kernel: [    1.869886] of_get_named_gpiod_flags: parsed 'gpios' property of node '/odroidgo2-joypad/sw13[0]' - status (0)
Aug  9 04:19:11 rk2020 kernel: [    1.869922] of_get_named_gpiod_flags: parsed 'gpios' property of node '/odroidgo2-joypad/sw14[0]' - status (0)
Aug  9 04:19:11 rk2020 kernel: [    1.869957] of_get_named_gpiod_flags: parsed 'gpios' property of node '/odroidgo2-joypad/sw15[0]' - status (0)
Aug  9 04:19:11 rk2020 kernel: [    1.869991] of_get_named_gpiod_flags: parsed 'gpios' property of node '/odroidgo2-joypad/sw16[0]' - status (0)
Aug  9 04:19:11 rk2020 kernel: [    1.870060] odroidgo2_joypad odroidgo2-joypad: joypad_input_setup : ABS min = -550, max = 549, fuzz = 10, flat = 10
Aug  9 04:19:11 rk2020 kernel: [    1.870073] odroidgo2_joypad odroidgo2-joypad: joypad_input_setup : ABS min = -500, max = 499, fuzz = 10, flat = 10
Aug  9 04:19:11 rk2020 kernel: [    1.870319] input: odroidgo2_joypad as /devices/platform/odroidgo2-joypad/input/input2
Aug  9 04:19:11 rk2020 kernel: [    1.870663] rockchip-pm-domain ff000000.power-management:power-controller: Looking up pd_mmc_nand-supply from device tree
Aug  9 04:19:11 rk2020 kernel: [    1.870687] rockchip-pm-domain ff000000.power-management:power-controller: Looking up pd_mmc_nand-supply property in node /power-management@ff000000/power-controller failed
Aug  9 04:19:11 rk2020 kernel: [    1.870805] rockchip-pm-domain ff000000.power-management:power-controller: Looking up pd_gmac-supply from device tree
Aug  9 04:19:11 rk2020 kernel: [    1.870821] rockchip-pm-domain ff000000.power-management:power-controller: Looking up pd_gmac-supply property in node /power-management@ff000000/power-controller failed
Aug  9 04:19:11 rk2020 kernel: [    1.870881] rockchip-pm-domain ff000000.power-management:power-controller: Looking up pd_usb-supply from device tree
Aug  9 04:19:11 rk2020 kernel: [    1.870895] rockchip-pm-domain ff000000.power-management:power-controller: Looking up pd_usb-supply property in node /power-management@ff000000/power-controller failed
Aug  9 04:19:11 rk2020 kernel: [    1.871508] odroidgo2_joypad odroidgo2-joypad: joypad_open : adc[0] adc->cal = 849
Aug  9 04:19:11 rk2020 kernel: [    1.871687] odroidgo2_joypad odroidgo2-joypad: joypad_open : adc[1] adc->cal = 1019
Aug  9 04:19:11 rk2020 kernel: [    1.872009] odroidgo2_joypad odroidgo2-joypad: joypad_open : opened
Aug  9 04:19:11 rk2020 kernel: [    1.872321] odroidgo2_joypad odroidgo2-joypad: joypad_probe : probe success
Aug  9 04:19:11 rk2020 kernel: [    1.873808] rk808-rtc rk808-rtc: setting system clock to 2020-08-09 04:19:04 UTC (1596946744)
Aug  9 04:19:11 rk2020 kernel: [    1.891735] vcc_1v0: disabling
Aug  9 04:19:11 rk2020 kernel: [    1.892139] vcc_cam: disabling
Aug  9 04:19:11 rk2020 kernel: [    1.893110] rkisp1 ff4a0000.rkisp1: clear unready subdev num: 1
Aug  9 04:19:11 rk2020 kernel: [    1.893709] rockchip-mipi-dphy-rx: No link between dphy and sensor
Aug  9 04:19:11 rk2020 kernel: [    1.893722] rockchip-mipi-dphy-rx: No link between dphy and sensor
Aug  9 04:19:11 rk2020 kernel: [    1.893730] rkisp1: update sensor failed
Aug  9 04:19:11 rk2020 kernel: [    1.898454] ALSA device list:
Aug  9 04:19:11 rk2020 kernel: [    1.898476]   #0: rockchip,rk817-codec
Aug  9 04:19:11 rk2020 kernel: [    1.899400] Freeing unused kernel memory: 960K
Aug  9 04:19:11 rk2020 kernel: [    2.697975] EXT4-fs (mmcblk0p2): mounted filesystem without journal. Opts: (null)
Aug  9 04:19:11 rk2020 kernel: [    3.565464] NET: Registered protocol family 10
Aug  9 04:19:11 rk2020 kernel: [    3.610753] ip_tables: (C) 2000-2006 Netfilter Core Team
Aug  9 04:19:11 rk2020 kernel: [    3.616855] cgroup: cgroup2: unknown option "nsdelegate"
Aug  9 04:19:11 rk2020 kernel: [    4.194576] vendor storage:20190527 ret = -1
Aug  9 04:19:11 rk2020 kernel: [    4.290675] random: systemd: uninitialized urandom read (16 bytes read, 116 bits of entropy available)
Aug  9 04:19:11 rk2020 kernel: [    4.310851] random: systemd: uninitialized urandom read (16 bytes read, 117 bits of entropy available)
Aug  9 04:19:11 rk2020 kernel: [    4.311746] random: systemd: uninitialized urandom read (16 bytes read, 117 bits of entropy available)
Aug  9 04:19:11 rk2020 kernel: [    4.312143] random: systemd: uninitialized urandom read (16 bytes read, 117 bits of entropy available)
Aug  9 04:19:11 rk2020 kernel: [    4.312751] random: systemd: uninitialized urandom read (16 bytes read, 117 bits of entropy available)
Aug  9 04:19:11 rk2020 kernel: [    4.321098] random: systemd: uninitialized urandom read (16 bytes read, 117 bits of entropy available)
Aug  9 04:19:11 rk2020 kernel: [    4.324858] random: systemd: uninitialized urandom read (16 bytes read, 117 bits of entropy available)
Aug  9 04:19:11 rk2020 kernel: [    4.326847] random: systemd: uninitialized urandom read (16 bytes read, 117 bits of entropy available)
Aug  9 04:19:11 rk2020 kernel: [    4.327950] random: systemd: uninitialized urandom read (16 bytes read, 118 bits of entropy available)
Aug  9 04:19:11 rk2020 kernel: [    4.331132] random: systemd: uninitialized urandom read (16 bytes read, 118 bits of entropy available)
Aug  9 04:19:11 rk2020 kernel: [    4.421557] EXT4-fs (mmcblk0p2): re-mounted. Opts: (null)
Aug  9 04:19:11 rk2020 kernel: [    4.689294] random: nonblocking pool is initialized
Aug  9 04:19:11 rk2020 kernel: [    5.337937] rockchip-usb2phy ff2c0000.syscon:usb2-phy@100: Requested PHY is disabled
Aug  9 04:19:11 rk2020 kernel: [    5.338012] dwc2 ff300000.usb: Looking up vusb_d-supply from device tree
Aug  9 04:19:11 rk2020 kernel: [    5.338025] dwc2 ff300000.usb: Looking up vusb_d-supply property in node /usb@ff300000 failed
Aug  9 04:19:11 rk2020 kernel: [    5.338059] ff300000.usb supply vusb_d not found, using dummy regulator
Aug  9 04:19:11 rk2020 kernel: [    5.338153] dwc2 ff300000.usb: Looking up vusb_a-supply from device tree
Aug  9 04:19:11 rk2020 kernel: [    5.338171] dwc2 ff300000.usb: Looking up vusb_a-supply property in node /usb@ff300000 failed
Aug  9 04:19:11 rk2020 kernel: [    5.338194] ff300000.usb supply vusb_a not found, using dummy regulator
Aug  9 04:19:11 rk2020 kernel: [    5.338390] dwc2 ff300000.usb: Configuration mismatch. dr_mode forced to host
Aug  9 04:19:11 rk2020 kernel: [    5.354151] dwc2 ff300000.usb: DWC OTG Controller
Aug  9 04:19:11 rk2020 kernel: [    5.354197] dwc2 ff300000.usb: new USB bus registered, assigned bus number 1
Aug  9 04:19:11 rk2020 kernel: [    5.354248] dwc2 ff300000.usb: irq 20, io mem 0xff300000
Aug  9 04:19:11 rk2020 kernel: [    5.354731] usb usb1: New USB device found, idVendor=1d6b, idProduct=0002
Aug  9 04:19:11 rk2020 kernel: [    5.354754] usb usb1: New USB device strings: Mfr=3, Product=2, SerialNumber=1
Aug  9 04:19:11 rk2020 kernel: [    5.354764] usb usb1: Product: DWC OTG Controller
Aug  9 04:19:11 rk2020 kernel: [    5.354775] usb usb1: Manufacturer: Linux 4.4.189 dwc2_hsotg
Aug  9 04:19:11 rk2020 kernel: [    5.354785] usb usb1: SerialNumber: ff300000.usb
Aug  9 04:19:11 rk2020 kernel: [    5.355856] hub 1-0:1.0: USB hub found
Aug  9 04:19:11 rk2020 kernel: [    5.355956] hub 1-0:1.0: 1 port detected
Aug  9 04:19:11 rk2020 kernel: [    5.722626] usb 1-1: new high-speed USB device number 2 using dwc2
Aug  9 04:19:11 rk2020 kernel: [    5.907346] usb 1-1: New USB device found, idVendor=1a40, idProduct=0101
Aug  9 04:19:11 rk2020 kernel: [    5.907396] usb 1-1: New USB device strings: Mfr=0, Product=1, SerialNumber=0
Aug  9 04:19:11 rk2020 kernel: [    5.907407] usb 1-1: Product: USB 2.0 Hub
Aug  9 04:19:11 rk2020 kernel: [    5.909471] hub 1-1:1.0: USB hub found
Aug  9 04:19:11 rk2020 kernel: [    5.909655] hub 1-1:1.0: 4 ports detected
Aug  9 04:19:11 rk2020 kernel: [    6.068485] FAT-fs (mmcblk0p1): utf8 is not a recommended IO charset for FAT filesystems, filesystem will be case sensitive!
Aug  9 04:19:11 rk2020 kernel: [    6.182698] usb 1-1.4: new high-speed USB device number 3 using dwc2
Aug  9 04:19:11 rk2020 kernel: [    6.288701] usb 1-1.4: New USB device found, idVendor=0bda, idProduct=8152
Aug  9 04:19:11 rk2020 kernel: [    6.288731] usb 1-1.4: New USB device strings: Mfr=1, Product=2, SerialNumber=3
Aug  9 04:19:11 rk2020 kernel: [    6.288741] usb 1-1.4: Product: USB 10/100 LAN
Aug  9 04:19:11 rk2020 kernel: [    6.288752] usb 1-1.4: Manufacturer: Realtek
Aug  9 04:19:11 rk2020 kernel: [    6.288762] usb 1-1.4: SerialNumber: 00E04C360058
Aug  9 04:19:11 rk2020 kernel: [    6.594181] usbcore: registered new interface driver r8152
Aug  9 04:19:11 rk2020 kernel: [    6.666707] usb 1-1.4: reset high-speed USB device number 3 using dwc2
Aug  9 04:19:11 rk2020 kernel: [    6.674868] usbcore: registered new interface driver cdc_ether
Aug  9 04:19:11 rk2020 kernel: [    6.722001] cfg80211: World regulatory domain updated:
Aug  9 04:19:11 rk2020 kernel: [    6.722040] cfg80211:  DFS Master region: unset
Aug  9 04:19:11 rk2020 kernel: [    6.722049] cfg80211:   (start_freq - end_freq @ bandwidth), (max_antenna_gain, max_eirp), (dfs_cac_time)
Aug  9 04:19:11 rk2020 kernel: [    6.722065] cfg80211:   (2402000 KHz - 2472000 KHz @ 40000 KHz), (N/A, 2000 mBm), (N/A)
Aug  9 04:19:11 rk2020 kernel: [    6.722077] cfg80211:   (2457000 KHz - 2482000 KHz @ 20000 KHz, 92000 KHz AUTO), (N/A, 2000 mBm), (N/A)
Aug  9 04:19:11 rk2020 kernel: [    6.722088] cfg80211:   (2474000 KHz - 2494000 KHz @ 20000 KHz), (N/A, 2000 mBm), (N/A)
Aug  9 04:19:11 rk2020 kernel: [    6.722099] cfg80211:   (5170000 KHz - 5250000 KHz @ 80000 KHz, 160000 KHz AUTO), (N/A, 2000 mBm), (N/A)
Aug  9 04:19:11 rk2020 kernel: [    6.722110] cfg80211:   (5250000 KHz - 5330000 KHz @ 80000 KHz, 160000 KHz AUTO), (N/A, 2000 mBm), (0 s)
Aug  9 04:19:11 rk2020 kernel: [    6.722121] cfg80211:   (5490000 KHz - 5730000 KHz @ 160000 KHz), (N/A, 2000 mBm), (0 s)
Aug  9 04:19:11 rk2020 kernel: [    6.722131] cfg80211:   (5735000 KHz - 5835000 KHz @ 80000 KHz), (N/A, 2000 mBm), (N/A)
Aug  9 04:19:11 rk2020 kernel: [    6.722142] cfg80211:   (57240000 KHz - 63720000 KHz @ 2160000 KHz), (N/A, 0 mBm), (N/A)
Aug  9 04:19:11 rk2020 kernel: [    6.797898] r8152 1-1.4:1.0 eth0: v1.08.3
Aug  9 04:19:13 rk2020 kernel: [   10.564695] IPv6: ADDRCONF(NETDEV_UP): eth0: link is not ready
Aug  9 04:19:13 rk2020 kernel: [   10.615156] IPv6: ADDRCONF(NETDEV_UP): eth0: link is not ready
Aug  9 04:19:13 rk2020 kernel: [   11.161789] tty_port_close_start: tty->count = 1 port count = 2.
Aug  9 04:19:15 rk2020 kernel: [   13.352865] r8152 1-1.4:1.0 eth0: carrier on
Aug  9 04:19:15 rk2020 kernel: [   13.353018] IPv6: ADDRCONF(NETDEV_CHANGE): eth0: link becomes ready
Aug  9 04:19:47 rk2020 kernel: [   46.040746] rockchip-vop ff460000.vop: [drm:vop_crtc_enable] Update mode to 320x480p60, type: 16
Aug  9 04:19:47 rk2020 kernel: [   46.057644] dw-mipi-dsi ff450000.dsi: final DSI-Link bandwidth: 450 x 1 Mbps
Aug  9 04:19:58 rk2020 kernel: [   57.153973] rockchip-pm-domain ff000000.power-management:power-controller: Looking up pd_vo-supply from device tree
Aug  9 04:19:58 rk2020 kernel: [   57.154006] rockchip-pm-domain ff000000.power-management:power-controller: Looking up pd_vo-supply property in node /power-management@ff000000/power-controller failed
Aug  9 04:19:58 rk2020 kernel: [   57.154430] rockchip-vop ff460000.vop: [drm:vop_crtc_enable] Update mode to 320x480p60, type: 16
Aug  9 04:19:58 rk2020 kernel: [   57.154762] dw-mipi-dsi ff450000.dsi: final DSI-Link bandwidth: 450 x 1 Mbps
Aug  9 04:21:30 rk2020 kernel: [  148.779625] rockchip-vop ff460000.vop: [drm:vop_crtc_enable] Update mode to 320x480p60, type: 16
Aug  9 04:21:30 rk2020 kernel: [  148.796529] dw-mipi-dsi ff450000.dsi: final DSI-Link bandwidth: 450 x 1 Mbps
Aug  9 13:54:00 rk2020 kernel: [    0.000000] Booting Linux on physical CPU 0x0
Aug  9 13:54:00 rk2020 kernel: [    0.000000] Initializing cgroup subsys cpuset
Aug  9 13:54:00 rk2020 kernel: [    0.000000] Initializing cgroup subsys cpu
Aug  9 13:54:00 rk2020 kernel: [    0.000000] Initializing cgroup subsys cpuacct
Aug  9 13:54:00 rk2020 kernel: [    0.000000] Linux version 4.4.189 (maruchan@akira) (gcc version 6.3.1 20170404 (Linaro GCC 6.3-2017.05) ) #1 SMP Sat Mar 7 21:50:42 EST 2020
Aug  9 13:54:00 rk2020 kernel: [    0.000000] Boot CPU: AArch64 Processor [410fd042]
Aug  9 13:54:00 rk2020 kernel: [    0.000000] Machine model: ODROID-GO2 for linux based on Rockchip rk3326
Aug  9 13:54:00 rk2020 kernel: [    0.000000] On node 0 totalpages: 253952
Aug  9 13:54:00 rk2020 kernel: [    0.000000]   DMA zone: 4088 pages used for memmap
Aug  9 13:54:00 rk2020 kernel: [    0.000000]   DMA zone: 0 pages reserved
Aug  9 13:54:00 rk2020 kernel: [    0.000000]   DMA zone: 253952 pages, LIFO batch:31
Aug  9 13:54:00 rk2020 kernel: [    0.000000] psci: probing for conduit method from DT.
Aug  9 13:54:00 rk2020 kernel: [    0.000000] psci: PSCIv1.0 detected in firmware.
Aug  9 13:54:00 rk2020 kernel: [    0.000000] psci: Using standard PSCI v0.2 function IDs
Aug  9 13:54:00 rk2020 kernel: [    0.000000] psci: Trusted OS migration not required
Aug  9 13:54:00 rk2020 kernel: [    0.000000] PERCPU: Embedded 21 pages/cpu @ffffffc03ff2d000 s45864 r8192 d31960 u86016
Aug  9 13:54:00 rk2020 kernel: [    0.000000] pcpu-alloc: s45864 r8192 d31960 u86016 alloc=21*4096
Aug  9 13:54:00 rk2020 kernel: [    0.000000] pcpu-alloc: [0] 0 [0] 1 [0] 2 [0] 3 
Aug  9 13:54:00 rk2020 kernel: [    0.000000] Detected VIPT I-cache on CPU0
Aug  9 13:54:00 rk2020 kernel: [    0.000000] Built 1 zonelists in Zone order, mobility grouping on.  Total pages: 249864
Aug  9 13:54:00 rk2020 kernel: [    0.000000] Kernel command line: root=UUID=e139ce78-9841-40fe-8823-96a304a09859 rootwait rw fsck.repair=yes net.ifnames=0 fbcon=rotate:3 console=/dev/ttyFIQ0 quiet splash plymouth.ignore-serial-consoles consoleblank=0
Aug  9 13:54:00 rk2020 kernel: [    0.000000] PID hash table entries: 4096 (order: 3, 32768 bytes)
Aug  9 13:54:00 rk2020 kernel: [    0.000000] Dentry cache hash table entries: 131072 (order: 8, 1048576 bytes)
Aug  9 13:54:00 rk2020 kernel: [    0.000000] Inode-cache hash table entries: 65536 (order: 7, 524288 bytes)
Aug  9 13:54:00 rk2020 kernel: [    0.000000] software IO TLB: mapped [mem 0x39f00000-0x3df00000] (64MB)
Aug  9 13:54:00 rk2020 kernel: [    0.000000] Memory: 900124K/1015808K available (8958K kernel code, 1236K rwdata, 3240K rodata, 960K init, 1881K bss, 115684K reserved, 0K cma-reserved)
Aug  9 13:54:00 rk2020 kernel: [    0.000000] Virtual kernel memory layout:
Aug  9 13:54:00 rk2020 kernel: [    0.000000]     modules : 0xffffff8000000000 - 0xffffff8008000000   (   128 MB)
Aug  9 13:54:00 rk2020 kernel: [    0.000000]     vmalloc : 0xffffff8008000000 - 0xffffffbdbfff0000   (   246 GB)
Aug  9 13:54:00 rk2020 kernel: [    0.000000]       .init : 0xffffff8008c70000 - 0xffffff8008d60000   (   960 KB)
Aug  9 13:54:00 rk2020 kernel: [    0.000000]       .text : 0xffffff8008080000 - 0xffffff8008940000   (  8960 KB)
Aug  9 13:54:00 rk2020 kernel: [    0.000000]     .rodata : 0xffffff8008940000 - 0xffffff8008c70000   (  3264 KB)
Aug  9 13:54:00 rk2020 kernel: [    0.000000]       .data : 0xffffff8008d60000 - 0xffffff8008e95008   (  1237 KB)
Aug  9 13:54:00 rk2020 kernel: [    0.000000]     vmemmap : 0xffffffbdc0000000 - 0xffffffbfc0000000   (     8 GB maximum)
Aug  9 13:54:00 rk2020 kernel: [    0.000000]               0xffffffbdc0008000 - 0xffffffbdc1000000   (    15 MB actual)
Aug  9 13:54:00 rk2020 kernel: [    0.000000]     fixed   : 0xffffffbffe7fb000 - 0xffffffbffec00000   (  4116 KB)
Aug  9 13:54:00 rk2020 kernel: [    0.000000]     PCI I/O : 0xffffffbffee00000 - 0xffffffbfffe00000   (    16 MB)
Aug  9 13:54:00 rk2020 kernel: [    0.000000]     memory  : 0xffffffc000200000 - 0xffffffc040000000   (  1022 MB)
Aug  9 13:54:00 rk2020 kernel: [    0.000000] SLUB: HWalign=64, Order=0-3, MinObjects=0, CPUs=4, Nodes=1
Aug  9 13:54:00 rk2020 kernel: [    0.000000] Hierarchical RCU implementation.
Aug  9 13:54:00 rk2020 kernel: [    0.000000] 	Build-time adjustment of leaf fanout to 64.
Aug  9 13:54:00 rk2020 kernel: [    0.000000] 	RCU restricting CPUs from NR_CPUS=8 to nr_cpu_ids=4.
Aug  9 13:54:00 rk2020 kernel: [    0.000000] RCU: Adjusting geometry for rcu_fanout_leaf=64, nr_cpu_ids=4
Aug  9 13:54:00 rk2020 kernel: [    0.000000] NR_IRQS:64 nr_irqs:64 0
Aug  9 13:54:00 rk2020 kernel: [    0.000000] GIC: Using split EOI/Deactivate mode
Aug  9 13:54:00 rk2020 kernel: [    0.000000] rockchip_mmc_get_phase: invalid clk rate
Aug  9 13:54:00 rk2020 kernel: message repeated 5 times: [[    0.000000] rockchip_mmc_get_phase: invalid clk rate]
Aug  9 13:54:00 rk2020 kernel: [    0.000000] Architected cp15 timer(s) running at 24.00MHz (phys).
Aug  9 13:54:00 rk2020 kernel: [    0.000000] clocksource: arch_sys_counter: mask: 0xffffffffffffff max_cycles: 0x588fe9dc0, max_idle_ns: 440795202592 ns
Aug  9 13:54:00 rk2020 kernel: [    0.000010] sched_clock: 56 bits at 24MHz, resolution 41ns, wraps every 4398046511097ns
Aug  9 13:54:00 rk2020 kernel: [    0.001817] Console: colour dummy device 80x25
Aug  9 13:54:00 rk2020 kernel: [    0.001857] Calibrating delay loop (skipped), value calculated using timer frequency.. 48.00 BogoMIPS (lpj=96000)
Aug  9 13:54:00 rk2020 kernel: [    0.001879] pid_max: default: 32768 minimum: 301
Aug  9 13:54:00 rk2020 kernel: [    0.002098] Mount-cache hash table entries: 2048 (order: 2, 16384 bytes)
Aug  9 13:54:00 rk2020 kernel: [    0.002118] Mountpoint-cache hash table entries: 2048 (order: 2, 16384 bytes)
Aug  9 13:54:00 rk2020 kernel: [    0.003198] Initializing cgroup subsys devices
Aug  9 13:54:00 rk2020 kernel: [    0.003228] Initializing cgroup subsys freezer
Aug  9 13:54:00 rk2020 kernel: [    0.003258] Initializing cgroup subsys net_cls
Aug  9 13:54:00 rk2020 kernel: [    0.003302] ftrace: allocating 33393 entries in 131 pages
Aug  9 13:54:00 rk2020 kernel: [    0.118267] sched-energy: CPU device node has no sched-energy-costs
Aug  9 13:54:00 rk2020 kernel: [    0.118302] Invalid sched_group_energy for CPU0
Aug  9 13:54:00 rk2020 kernel: [    0.118316] CPU0: update cpu_capacity 1024
Aug  9 13:54:00 rk2020 kernel: [    0.118397] ASID allocator initialised with 32768 entries
Aug  9 13:54:00 rk2020 kernel: [    0.124140] Detected VIPT I-cache on CPU1
Aug  9 13:54:00 rk2020 kernel: [    0.124227] Invalid sched_group_energy for CPU1
Aug  9 13:54:00 rk2020 kernel: [    0.124236] CPU1: update cpu_capacity 1024
Aug  9 13:54:00 rk2020 kernel: [    0.124242] CPU1: Booted secondary processor [410fd042]
Aug  9 13:54:00 rk2020 kernel: [    0.125242] Detected VIPT I-cache on CPU2
Aug  9 13:54:00 rk2020 kernel: [    0.125309] Invalid sched_group_energy for CPU2
Aug  9 13:54:00 rk2020 kernel: [    0.125316] CPU2: update cpu_capacity 1024
Aug  9 13:54:00 rk2020 kernel: [    0.125322] CPU2: Booted secondary processor [410fd042]
Aug  9 13:54:00 rk2020 kernel: [    0.126373] Detected VIPT I-cache on CPU3
Aug  9 13:54:00 rk2020 kernel: [    0.126437] Invalid sched_group_energy for CPU3
Aug  9 13:54:00 rk2020 kernel: [    0.126443] CPU3: update cpu_capacity 1024
Aug  9 13:54:00 rk2020 kernel: [    0.126450] CPU3: Booted secondary processor [410fd042]
Aug  9 13:54:00 rk2020 kernel: [    0.126585] Brought up 4 CPUs
Aug  9 13:54:00 rk2020 kernel: [    0.126670] SMP: Total of 4 processors activated.
Aug  9 13:54:00 rk2020 kernel: [    0.126688] CPU features: detected feature: 32-bit EL0 Support
Aug  9 13:54:00 rk2020 kernel: [    0.126708] CPU: All CPU(s) started at EL2
Aug  9 13:54:00 rk2020 kernel: [    0.127014] Invalid sched_group_energy for CPU3
Aug  9 13:54:00 rk2020 kernel: [    0.127033] Invalid sched_group_energy for Cluster3
Aug  9 13:54:00 rk2020 kernel: [    0.127045] Invalid sched_group_energy for CPU2
Aug  9 13:54:00 rk2020 kernel: [    0.127059] Invalid sched_group_energy for Cluster2
Aug  9 13:54:00 rk2020 kernel: [    0.127070] Invalid sched_group_energy for CPU1
Aug  9 13:54:00 rk2020 kernel: [    0.127083] Invalid sched_group_energy for Cluster1
Aug  9 13:54:00 rk2020 kernel: [    0.127095] Invalid sched_group_energy for CPU0
Aug  9 13:54:00 rk2020 kernel: [    0.127108] Invalid sched_group_energy for Cluster0
Aug  9 13:54:00 rk2020 kernel: [    0.128162] devtmpfs: initialized
Aug  9 13:54:00 rk2020 kernel: [    0.163603] clocksource: jiffies: mask: 0xffffffff max_cycles: 0xffffffff, max_idle_ns: 7645041785100000 ns
Aug  9 13:54:00 rk2020 kernel: [    0.163653] futex hash table entries: 1024 (order: 4, 65536 bytes)
Aug  9 13:54:00 rk2020 kernel: [    0.164413] pinctrl core: initialized pinctrl subsystem
Aug  9 13:54:00 rk2020 kernel: [    0.164942] regulator-dummy: no parameters
Aug  9 13:54:00 rk2020 kernel: [    0.166348] NET: Registered protocol family 16
Aug  9 13:54:00 rk2020 kernel: [    0.178322] cpuidle: using governor ladder
Aug  9 13:54:00 rk2020 kernel: [    0.190337] cpuidle: using governor menu
Aug  9 13:54:00 rk2020 kernel: [    0.190392] Registered FIQ tty driver
Aug  9 13:54:00 rk2020 kernel: [    0.190931] vdso: 2 pages (1 code @ ffffff8008946000, 1 data @ ffffff8008d64000)
Aug  9 13:54:00 rk2020 kernel: [    0.190982] hw-breakpoint: found 6 breakpoint and 4 watchpoint registers.
Aug  9 13:54:00 rk2020 kernel: [    0.191225] DMA: preallocated 256 KiB pool for atomic allocations
Aug  9 13:54:00 rk2020 kernel: [    0.220028] gpiochip_add_data: registered GPIOs 0 to 31 on device: gpio0
Aug  9 13:54:00 rk2020 kernel: [    0.220207] gpiochip_add_data: registered GPIOs 32 to 63 on device: gpio1
Aug  9 13:54:00 rk2020 kernel: [    0.220389] gpiochip_add_data: registered GPIOs 64 to 95 on device: gpio2
Aug  9 13:54:00 rk2020 kernel: [    0.220555] gpiochip_add_data: registered GPIOs 96 to 127 on device: gpio3
Aug  9 13:54:00 rk2020 kernel: [    0.236993] genirq: Setting trigger mode 8 for irq 170 failed (gic_set_type+0x0/0x64)
Aug  9 13:54:00 rk2020 kernel: [    0.238674] console [pstore-1] enabled
Aug  9 13:54:00 rk2020 kernel: [    0.238691] pstore: Registered ramoops as persistent store backend
Aug  9 13:54:00 rk2020 kernel: [    0.238709] ramoops: attached 0xf0000@0x110000, ecc: 0/0
Aug  9 13:54:00 rk2020 kernel: [    0.250184] console [ttyFIQ0] enabled
Aug  9 13:54:00 rk2020 kernel: [    0.250642] Registered fiq debugger ttyFIQ0
Aug  9 13:54:00 rk2020 kernel: [    0.277053] rockchip-pm rockchip-suspend: not set pwm-regulator-config
Aug  9 13:54:00 rk2020 kernel: [    0.278116] of_get_named_gpiod_flags: can't parse 'gpio' property of node '/vccsys[0]'
Aug  9 13:54:00 rk2020 kernel: [    0.278177] vcc3v8_sys: 3800 mV 
Aug  9 13:54:00 rk2020 kernel: [    0.278639] reg-fixed-voltage vccsys: vcc3v8_sys supplying 3800000uV
Aug  9 13:54:00 rk2020 kernel: [    0.278927] of_get_named_gpiod_flags: parsed 'gpio' property of node '/vcc_host[0]' - status (0)
Aug  9 13:54:00 rk2020 kernel: [    0.279050] reg-fixed-voltage vcc_host: Looking up vin-supply from device tree
Aug  9 13:54:00 rk2020 kernel: [    0.279229] vcc_host: supplied by vcc3v8_sys
Aug  9 13:54:00 rk2020 kernel: [    0.279381] vcc_host: 5000 mV 
Aug  9 13:54:00 rk2020 kernel: [    0.279769] reg-fixed-voltage vcc_host: vcc_host supplying 5000000uV
Aug  9 13:54:00 rk2020 kernel: [    0.280937] iommu: Adding device ff440000.hevc_service to group 0
Aug  9 13:54:00 rk2020 kernel: [    0.281120] iommu: Adding device ff442000.vpu_service to group 1
Aug  9 13:54:00 rk2020 kernel: [    0.281280] iommu: Adding device ff460000.vop to group 2
Aug  9 13:54:00 rk2020 kernel: [    0.281440] iommu: Adding device ff4a0000.rkisp1 to group 3
Aug  9 13:54:00 rk2020 kernel: [    0.282167] rockchip-pm-domain ff000000.power-management:power-controller: Looking up pd_vpu-supply from device tree
Aug  9 13:54:00 rk2020 kernel: [    0.282202] rockchip-pm-domain ff000000.power-management:power-controller: Looking up pd_vpu-supply property in node /power-management@ff000000/power-controller failed
Aug  9 13:54:00 rk2020 kernel: [    0.282548] rk_iommu ff440440.iommu: can't get sclk
Aug  9 13:54:00 rk2020 kernel: [    0.283192] rk_iommu ff442800.iommu: can't get sclk
Aug  9 13:54:00 rk2020 kernel: [    0.283600] rk_iommu ff460f00.iommu: can't get sclk
Aug  9 13:54:00 rk2020 kernel: [    0.283863] rockchip-pm-domain ff000000.power-management:power-controller: Looking up pd_vi-supply from device tree
Aug  9 13:54:00 rk2020 kernel: [    0.283894] rockchip-pm-domain ff000000.power-management:power-controller: Looking up pd_vi-supply property in node /power-management@ff000000/power-controller failed
Aug  9 13:54:00 rk2020 kernel: [    0.284110] rk_iommu ff490800.iommu: can't get sclk
Aug  9 13:54:00 rk2020 kernel: [    0.284481] rk_iommu ff4a8000.iommu: can't get sclk
Aug  9 13:54:00 rk2020 kernel: [    0.285347] SCSI subsystem initialized
Aug  9 13:54:00 rk2020 kernel: [    0.285780] usbcore: registered new interface driver usbfs
Aug  9 13:54:00 rk2020 kernel: [    0.285884] usbcore: registered new interface driver hub
Aug  9 13:54:00 rk2020 kernel: [    0.286113] usbcore: registered new device driver usb
Aug  9 13:54:00 rk2020 kernel: [    0.286255] media: Linux media interface: v0.10
Aug  9 13:54:00 rk2020 kernel: [    0.286348] Linux video capture interface: v2.00
Aug  9 13:54:00 rk2020 kernel: [    0.286533] pps_core: LinuxPPS API ver. 1 registered
Aug  9 13:54:00 rk2020 kernel: [    0.286551] pps_core: Software ver. 5.3.6 - Copyright 2005-2007 Rodolfo Giometti <giometti@linux.it>
Aug  9 13:54:00 rk2020 kernel: [    0.286601] PTP clock support registered
Aug  9 13:54:00 rk2020 kernel: [    0.288660] Advanced Linux Sound Architecture Driver Initialized.
Aug  9 13:54:00 rk2020 kernel: [    0.289829] Bluetooth: Core ver 2.21
Aug  9 13:54:00 rk2020 kernel: [    0.289912] NET: Registered protocol family 31
Aug  9 13:54:00 rk2020 kernel: [    0.289930] Bluetooth: HCI device and connection manager initialized
Aug  9 13:54:00 rk2020 kernel: [    0.289957] Bluetooth: HCI socket layer initialized
Aug  9 13:54:00 rk2020 kernel: [    0.289981] Bluetooth: L2CAP socket layer initialized
Aug  9 13:54:00 rk2020 kernel: [    0.290075] Bluetooth: SCO socket layer initialized
Aug  9 13:54:00 rk2020 kernel: [    0.291771] rockchip-cpuinfo cpuinfo: Serial		: 5c9ed24d851ffac3
Aug  9 13:54:00 rk2020 kernel: [    0.292854] clocksource: Switched to clocksource arch_sys_counter
Aug  9 13:54:00 rk2020 kernel: [    0.393249] FS-Cache: Loaded
Aug  9 13:54:00 rk2020 kernel: [    0.413087] thermal thermal_zone1: power_allocator: sustainable_power will be estimated
Aug  9 13:54:00 rk2020 kernel: [    0.413336] NET: Registered protocol family 2
Aug  9 13:54:00 rk2020 kernel: [    0.414426] TCP established hash table entries: 8192 (order: 4, 65536 bytes)
Aug  9 13:54:00 rk2020 kernel: [    0.414607] TCP bind hash table entries: 8192 (order: 6, 262144 bytes)
Aug  9 13:54:00 rk2020 kernel: [    0.415119] TCP: Hash tables configured (established 8192 bind 8192)
Aug  9 13:54:00 rk2020 kernel: [    0.415281] UDP hash table entries: 512 (order: 3, 49152 bytes)
Aug  9 13:54:00 rk2020 kernel: [    0.415391] UDP-Lite hash table entries: 512 (order: 3, 49152 bytes)
Aug  9 13:54:00 rk2020 kernel: [    0.415906] NET: Registered protocol family 1
Aug  9 13:54:00 rk2020 kernel: [    0.416621] RPC: Registered named UNIX socket transport module.
Aug  9 13:54:00 rk2020 kernel: [    0.416646] RPC: Registered udp transport module.
Aug  9 13:54:00 rk2020 kernel: [    0.416661] RPC: Registered tcp transport module.
Aug  9 13:54:00 rk2020 kernel: [    0.416677] RPC: Registered tcp NFSv4.1 backchannel transport module.
Aug  9 13:54:00 rk2020 kernel: [    0.418178] Trying to unpack rootfs image as initramfs...
Aug  9 13:54:00 rk2020 kernel: [    0.790528] Freeing initrd memory: 12884K
Aug  9 13:54:00 rk2020 kernel: [    0.791579] hw perfevents: enabled with armv8_cortex_a53 PMU driver, 7 counters available
Aug  9 13:54:00 rk2020 kernel: [    0.793275] kvm [1]: 8-bit VMID
Aug  9 13:54:00 rk2020 kernel: [    0.793297] kvm [1]: Hyp mode initialized successfully
Aug  9 13:54:00 rk2020 kernel: [    0.793635] kvm [1]: interrupt-controller@ff134000 IRQ11
Aug  9 13:54:00 rk2020 kernel: [    0.794121] kvm [1]: timer IRQ3
Aug  9 13:54:00 rk2020 kernel: [    0.800150] Initialise system trusted keyring
Aug  9 13:54:00 rk2020 kernel: [    0.819264] squashfs: version 4.0 (2009/01/31) Phillip Lougher
Aug  9 13:54:00 rk2020 kernel: [    0.821093] NFS: Registering the id_resolver key type
Aug  9 13:54:00 rk2020 kernel: [    0.821176] Key type id_resolver registered
Aug  9 13:54:00 rk2020 kernel: [    0.821194] Key type id_legacy registered
Aug  9 13:54:00 rk2020 kernel: [    0.821699] FS-Cache: Netfs 'cifs' registered for caching
Aug  9 13:54:00 rk2020 kernel: [    0.822331] Key type cifs.idmap registered
Aug  9 13:54:00 rk2020 kernel: [    0.822791] fuse init (API version 7.23)
Aug  9 13:54:00 rk2020 kernel: [    0.823577] SGI XFS with security attributes, no debug enabled
Aug  9 13:54:00 rk2020 kernel: [    0.833841] NET: Registered protocol family 38
Aug  9 13:54:00 rk2020 kernel: [    0.833919] Key type asymmetric registered
Aug  9 13:54:00 rk2020 kernel: [    0.833947] Asymmetric key parser 'x509' registered
Aug  9 13:54:00 rk2020 kernel: [    0.834396] Block layer SCSI generic (bsg) driver version 0.4 loaded (major 247)
Aug  9 13:54:00 rk2020 kernel: [    0.834432] io scheduler noop registered
Aug  9 13:54:00 rk2020 kernel: [    0.834460] io scheduler deadline registered
Aug  9 13:54:00 rk2020 kernel: [    0.834764] io scheduler cfq registered (default)
Aug  9 13:54:00 rk2020 kernel: [    0.836205] phy phy-ff2c0000.syscon:usb2-phy@100.0: Looking up phy-supply from device tree
Aug  9 13:54:00 rk2020 kernel: [    0.836240] phy phy-ff2c0000.syscon:usb2-phy@100.0: Looking up phy-supply property in node /syscon@ff2c0000/usb2-phy@100/host-port failed
Aug  9 13:54:00 rk2020 kernel: [    0.838650] phy phy-ff2e0000.video-phy.1: Looking up phy-supply from device tree
Aug  9 13:54:00 rk2020 kernel: [    0.838690] phy phy-ff2e0000.video-phy.1: Looking up phy-supply property in node /video-phy@ff2e0000 failed
Aug  9 13:54:00 rk2020 kernel: [    0.842788] pwm-backlight backlight: GPIO lookup for consumer enable
Aug  9 13:54:00 rk2020 kernel: [    0.842825] pwm-backlight backlight: using device tree for GPIO lookup
Aug  9 13:54:00 rk2020 kernel: [    0.842852] of_get_named_gpiod_flags: can't parse 'enable-gpios' property of node '/backlight[0]'
Aug  9 13:54:00 rk2020 kernel: [    0.842874] of_get_named_gpiod_flags: can't parse 'enable-gpio' property of node '/backlight[0]'
Aug  9 13:54:00 rk2020 kernel: [    0.842895] pwm-backlight backlight: using lookup tables for GPIO lookup
Aug  9 13:54:00 rk2020 kernel: [    0.842918] pwm-backlight backlight: lookup for GPIO enable failed
Aug  9 13:54:00 rk2020 kernel: [    0.842946] pwm-backlight backlight: Looking up power-supply from device tree
Aug  9 13:54:00 rk2020 kernel: [    0.842972] pwm-backlight backlight: Looking up power-supply property in node /backlight failed
Aug  9 13:54:00 rk2020 kernel: [    0.842999] backlight supply power not found, using dummy regulator
Aug  9 13:54:00 rk2020 kernel: [    0.844154] rk-vcodec vpu_combo: Looking up vcodec-supply from device tree
Aug  9 13:54:00 rk2020 kernel: [    0.844189] rk-vcodec vpu_combo: Looking up vcodec-supply property in node /vpu_combo failed
Aug  9 13:54:00 rk2020 kernel: [    0.844219] rk-vcodec vpu_combo: no regulator for vcodec
Aug  9 13:54:00 rk2020 kernel: [    0.844974] rk-vcodec vpu_combo: failed on clk_get clk_cabac
Aug  9 13:54:00 rk2020 kernel: [    0.850893] platform ff442000.vpu_service: probe device
Aug  9 13:54:00 rk2020 kernel: [    0.851446] platform ff442000.vpu_service: drm allocator with mmu enabled
Aug  9 13:54:00 rk2020 kernel: [    0.852954] platform ff440000.hevc_service: probe device
Aug  9 13:54:00 rk2020 kernel: [    0.853605] platform ff440000.hevc_service: drm allocator with mmu enabled
Aug  9 13:54:00 rk2020 kernel: [    0.854617] rk-vcodec vpu_combo: could not find power_model node
Aug  9 13:54:00 rk2020 kernel: [    0.860706] rk-vcodec vpu_combo: init success
Aug  9 13:54:00 rk2020 kernel: [    0.867252] dma-pl330 ff240000.dmac: Loaded driver for PL330 DMAC-241330
Aug  9 13:54:00 rk2020 kernel: [    0.867291] dma-pl330 ff240000.dmac: 	DBUFF-128x8bytes Num_Chans-8 Num_Peri-32 Num_Events-16
Aug  9 13:54:00 rk2020 kernel: [    0.867973] rockchip-pvtm ff010000.syscon:pmu-pvtm: failed to get rst 0 pmu
Aug  9 13:54:00 rk2020 kernel: [    0.868279] rockchip-pvtm ff148000.syscon:pvtm: failed to get rst 0 core
Aug  9 13:54:00 rk2020 kernel: [    0.869637] rockchip-system-monitor rockchip-system-monitor: system monitor probe
Aug  9 13:54:00 rk2020 kernel: [    0.870991] Serial: 8250/16550 driver, 5 ports, IRQ sharing disabled
Aug  9 13:54:00 rk2020 kernel: [    0.872202] ff158000.serial: ttyS1 at MMIO 0xff158000 (irq = 12, base_baud = 2500000) is a 16550A
Aug  9 13:54:00 rk2020 kernel: [    0.874810] [drm] Initialized drm 1.1.0 20060810
Aug  9 13:54:00 rk2020 kernel: [    0.878718] [drm] Rockchip DRM driver version: v1.0.1
Aug  9 13:54:00 rk2020 kernel: [    0.879134] rockchip-drm display-subsystem: devfreq is not set
Aug  9 13:54:00 rk2020 kernel: [    0.880115] rockchip-drm display-subsystem: bound ff460000.vop (ops 0xffffff80089f4138)
Aug  9 13:54:00 rk2020 kernel: [    0.880163] rockchip-drm display-subsystem: failed to bind ff450000.dsi (ops 0xffffff80089eb6b0): -517
Aug  9 13:54:00 rk2020 kernel: [    0.890160] rockchip-drm display-subsystem: master bind failed: -517
Aug  9 13:54:00 rk2020 kernel: [    0.893428] panel-simple-dsi ff450000.dsi.0: Looking up power-supply from device tree
Aug  9 13:54:00 rk2020 kernel: [    0.893520] panel-simple-dsi ff450000.dsi.0: failed to get power regulator: -517
Aug  9 13:54:00 rk2020 kernel: [    0.901452] rockchip-pm-domain ff000000.power-management:power-controller: Looking up pd_gpu-supply from device tree
Aug  9 13:54:00 rk2020 kernel: [    0.901488] rockchip-pm-domain ff000000.power-management:power-controller: Looking up pd_gpu-supply property in node /power-management@ff000000/power-controller failed
Aug  9 13:54:00 rk2020 kernel: [    0.901604] mali ff400000.gpu: Looking up mali-supply from device tree
Aug  9 13:54:00 rk2020 kernel: [    0.901646] mali ff400000.gpu: Failed to get regulator
Aug  9 13:54:00 rk2020 kernel: [    0.906835] mali ff400000.gpu: Power control initialization failed
Aug  9 13:54:00 rk2020 kernel: [    0.913711] Unable to detect cache hierarchy for CPU 0
Aug  9 13:54:00 rk2020 kernel: [    0.915436] brd: module loaded
Aug  9 13:54:00 rk2020 kernel: [    0.927420] loop: module loaded
Aug  9 13:54:00 rk2020 kernel: [    0.928680] zram: Added device: zram0
Aug  9 13:54:00 rk2020 kernel: [    0.928794] lkdtm: No crash points registered, enable through debugfs
Aug  9 13:54:00 rk2020 kernel: [    0.929816] ehci_hcd: USB 2.0 'Enhanced' Host Controller (EHCI) Driver
Aug  9 13:54:00 rk2020 kernel: [    0.929867] ehci-platform: EHCI generic platform driver
Aug  9 13:54:00 rk2020 kernel: [    0.930531] ohci_hcd: USB 1.1 'Open' Host Controller (OHCI) Driver
Aug  9 13:54:00 rk2020 kernel: [    0.930576] ohci-platform: OHCI generic platform driver
Aug  9 13:54:00 rk2020 kernel: [    0.931052] usbcore: registered new interface driver cdc_acm
Aug  9 13:54:00 rk2020 kernel: [    0.931069] cdc_acm: USB Abstract Control Model driver for USB modems and ISDN adapters
Aug  9 13:54:00 rk2020 kernel: [    0.931173] usbcore: registered new interface driver cdc_wdm
Aug  9 13:54:00 rk2020 kernel: [    0.931344] usbcore: registered new interface driver usbserial
Aug  9 13:54:00 rk2020 kernel: [    0.931416] usbcore: registered new interface driver usbserial_generic
Aug  9 13:54:00 rk2020 kernel: [    0.931487] usbserial: USB Serial support registered for generic
Aug  9 13:54:00 rk2020 kernel: [    0.932395] i2c /dev entries driver
Aug  9 13:54:00 rk2020 kernel: [    0.935166] rk808 0-0020: Pmic Chip id: 0x8170
Aug  9 13:54:00 rk2020 kernel: [    0.935637] rk808 0-0020: source: on=0x80, off=0x80
Aug  9 13:54:00 rk2020 kernel: [    0.936571] rk808 0-0020: support dcdc3 fb mode:-22, 956734464
Aug  9 13:54:00 rk2020 kernel: [    0.936904] rk808 0-0020: support pmic reset mode:0,1
Aug  9 13:54:00 rk2020 kernel: [    0.937243] gpiochip_find_base: found new base at 509
Aug  9 13:54:00 rk2020 kernel: [    0.937465] gpiochip_add_data: registered GPIOs 509 to 511 on device: rk817-gpio
Aug  9 13:54:00 rk2020 kernel: [    0.937615] GPIO chip rk817-gpio: created GPIO range 0->2 ==> rk805-pinctrl PIN 0->2
Aug  9 13:54:00 rk2020 kernel: [    0.941411] rk808 0-0020: GPIO lookup for consumer dvs
Aug  9 13:54:00 rk2020 kernel: [    0.941447] rk808 0-0020: using device tree for GPIO lookup
Aug  9 13:54:00 rk2020 kernel: [    0.941479] of_get_named_gpiod_flags: can't parse 'dvs-gpios' property of node '/i2c@ff180000/pmic@20[0]'
Aug  9 13:54:00 rk2020 kernel: [    0.941504] of_get_named_gpiod_flags: can't parse 'dvs-gpio' property of node '/i2c@ff180000/pmic@20[0]'
Aug  9 13:54:00 rk2020 kernel: [    0.941525] rk808 0-0020: using lookup tables for GPIO lookup
Aug  9 13:54:00 rk2020 kernel: [    0.941547] rk808 0-0020: lookup for GPIO dvs failed
Aug  9 13:54:00 rk2020 kernel: [    0.941570] rk808-regulator rk808-regulator: there is no dvs0 gpio
Aug  9 13:54:00 rk2020 kernel: [    0.941591] rk808 0-0020: GPIO lookup for consumer dvs
Aug  9 13:54:00 rk2020 kernel: [    0.941611] rk808 0-0020: using device tree for GPIO lookup
Aug  9 13:54:00 rk2020 kernel: [    0.941633] of_get_named_gpiod_flags: can't parse 'dvs-gpios' property of node '/i2c@ff180000/pmic@20[1]'
Aug  9 13:54:00 rk2020 kernel: [    0.941657] of_get_named_gpiod_flags: can't parse 'dvs-gpio' property of node '/i2c@ff180000/pmic@20[1]'
Aug  9 13:54:00 rk2020 kernel: [    0.941677] rk808 0-0020: using lookup tables for GPIO lookup
Aug  9 13:54:00 rk2020 kernel: [    0.941697] rk808 0-0020: lookup for GPIO dvs failed
Aug  9 13:54:00 rk2020 kernel: [    0.941717] rk808-regulator rk808-regulator: there is no dvs1 gpio
Aug  9 13:54:00 rk2020 kernel: [    0.941821] rk808 0-0020: Looking up vcc1-supply from device tree
Aug  9 13:54:00 rk2020 kernel: [    0.942052] DCDC_REG1: supplied by vcc3v8_sys
Aug  9 13:54:00 rk2020 kernel: [    0.943335] vdd_logic: 950 <--> 1150 mV at 1100 mV 
Aug  9 13:54:00 rk2020 kernel: [    0.944333] rk808 0-0020: Looking up vcc2-supply from device tree
Aug  9 13:54:00 rk2020 kernel: [    0.944552] DCDC_REG2: supplied by vcc3v8_sys
Aug  9 13:54:00 rk2020 kernel: [    0.945769] vdd_arm: 950 <--> 1350 mV at 1100 mV 
Aug  9 13:54:00 rk2020 kernel: [    0.946770] rk808 0-0020: Looking up vcc3-supply from device tree
Aug  9 13:54:00 rk2020 kernel: [    0.946987] DCDC_REG3: supplied by vcc3v8_sys
Aug  9 13:54:00 rk2020 kernel: [    0.947874] vcc_ddr: at 500 mV 
Aug  9 13:54:00 rk2020 kernel: [    0.948937] rk808 0-0020: Looking up vcc4-supply from device tree
Aug  9 13:54:00 rk2020 kernel: [    0.949148] DCDC_REG4: supplied by vcc3v8_sys
Aug  9 13:54:00 rk2020 kernel: [    0.950049] vcc_3v3: 3300 mV 
Aug  9 13:54:00 rk2020 kernel: [    0.951032] rk808 0-0020: Looking up vcc5-supply from device tree
Aug  9 13:54:00 rk2020 kernel: [    0.951237] LDO_REG1: supplied by vcc3v8_sys
Aug  9 13:54:00 rk2020 kernel: [    0.951678] vcc_1v0: 1000 mV 
Aug  9 13:54:00 rk2020 kernel: [    0.952405] rk808 0-0020: Looking up vcc5-supply from device tree
Aug  9 13:54:00 rk2020 kernel: [    0.952587] LDO_REG2: supplied by vcc3v8_sys
Aug  9 13:54:00 rk2020 kernel: [    0.953880] vcc1v8_soc: 1800 mV 
Aug  9 13:54:00 rk2020 kernel: [    0.954822] rk808 0-0020: Looking up vcc5-supply from device tree
Aug  9 13:54:00 rk2020 kernel: [    0.955011] LDO_REG3: supplied by vcc3v8_sys
Aug  9 13:54:00 rk2020 kernel: [    0.956275] vcc1v0_soc: 1000 mV 
Aug  9 13:54:00 rk2020 kernel: [    0.957312] rk808 0-0020: Looking up vcc6-supply from device tree
Aug  9 13:54:00 rk2020 kernel: [    0.957514] LDO_REG4: supplied by vcc3v8_sys
Aug  9 13:54:00 rk2020 kernel: [    0.958779] vcc3v3_pmu: 3300 mV 
Aug  9 13:54:00 rk2020 kernel: [    0.959747] rk808 0-0020: Looking up vcc6-supply from device tree
Aug  9 13:54:00 rk2020 kernel: [    0.959947] LDO_REG5: supplied by vcc3v8_sys
Aug  9 13:54:00 rk2020 kernel: [    0.961410] vccio_sd: 1800 <--> 3300 mV at 3000 mV 
Aug  9 13:54:00 rk2020 kernel: [    0.962344] rk808 0-0020: Looking up vcc6-supply from device tree
Aug  9 13:54:00 rk2020 kernel: [    0.962541] LDO_REG6: supplied by vcc3v8_sys
Aug  9 13:54:00 rk2020 kernel: [    0.963805] vcc_sd: 3300 mV 
Aug  9 13:54:00 rk2020 kernel: [    0.964592] rk808 0-0020: Looking up vcc7-supply from device tree
Aug  9 13:54:00 rk2020 kernel: [    0.964785] LDO_REG7: supplied by vcc3v8_sys
Aug  9 13:54:00 rk2020 kernel: [    0.965306] vcc_backlight: 3300 mV 
Aug  9 13:54:00 rk2020 kernel: [    0.966130] rk808 0-0020: Looking up vcc7-supply from device tree
Aug  9 13:54:00 rk2020 kernel: [    0.966328] LDO_REG8: supplied by vcc3v8_sys
Aug  9 13:54:00 rk2020 kernel: [    0.966780] vcc_lcd: 2800 mV 
Aug  9 13:54:00 rk2020 kernel: [    0.967584] rk808 0-0020: Looking up vcc7-supply from device tree
Aug  9 13:54:00 rk2020 kernel: [    0.967774] LDO_REG9: supplied by vcc3v8_sys
Aug  9 13:54:00 rk2020 kernel: [    0.968221] vcc_cam: 3000 mV 
Aug  9 13:54:00 rk2020 kernel: [    0.969057] rk808 0-0020: Looking up vcc8-supply from device tree
Aug  9 13:54:00 rk2020 kernel: [    0.969244] BOOST: supplied by vcc3v8_sys
Aug  9 13:54:00 rk2020 kernel: [    0.969670] boost: Bringing 4700000uV into 5000000-5000000uV
Aug  9 13:54:00 rk2020 kernel: [    0.970458] boost: ramp_delay not set
Aug  9 13:54:00 rk2020 kernel: [    0.971484] boost: 5000 <--> 5400 mV at 5000 mV 
Aug  9 13:54:00 rk2020 kernel: [    0.972445] rk808 0-0020: Looking up vcc9-supply from device tree
Aug  9 13:54:00 rk2020 kernel: [    0.972524] OTG_SWITCH: supplied by boost
Aug  9 13:54:00 rk2020 kernel: [    0.973392] otg_switch: at 5000 mV 
Aug  9 13:54:00 rk2020 kernel: [    0.974453] rk817-battery rk817-battery: fb_temperature missing!
Aug  9 13:54:00 rk2020 kernel: [    0.980562] rk817-battery rk817-battery: energy_mode missing!
Aug  9 13:54:00 rk2020 kernel: [    0.986351] rk817-battery rk817-battery: zero_reserve_dsoc missing!
Aug  9 13:54:00 rk2020 kernel: [    1.001060] rk817-bat: initialized yet..
Aug  9 13:54:00 rk2020 kernel: [    1.018254] rk817-charger rk817-charger: power_dc2otg missing!
Aug  9 13:54:00 rk2020 kernel: [    1.024176] rk817-charger rk817-charger: otg5v_suspend_enable missing!
Aug  9 13:54:00 rk2020 kernel: [    1.031082] of_get_named_gpiod_flags: parsed 'dc_det_gpio' property of node '/i2c@ff180000/pmic@20/charger[0]' - status (0)
Aug  9 13:54:00 rk2020 kernel: [    1.031146] of_get_named_gpiod_flags: parsed 'chg_led_gpio' property of node '/i2c@ff180000/pmic@20/charger[0]' - status (0)
Aug  9 13:54:00 rk2020 kernel: [    1.040987] input: rk8xx_pwrkey as /devices/platform/ff180000.i2c/i2c-0/0-0020/input/input0
Aug  9 13:54:00 rk2020 kernel: [    1.045650] rk808-rtc rk808-rtc: rtc core: registered rk808-rtc as rtc0
Aug  9 13:54:00 rk2020 kernel: [    1.047315] rk3x-i2c ff180000.i2c: Initialized RK3xxx I2C bus at ffffff80090f2000
Aug  9 13:54:00 rk2020 kernel: [    1.048594] rk3x-i2c ff190000.i2c: Initialized RK3xxx I2C bus at ffffff80090f4000
Aug  9 13:54:00 rk2020 kernel: [    1.050142] rk3x-i2c ff1a0000.i2c: Initialized RK3xxx I2C bus at ffffff80090f6000
Aug  9 13:54:00 rk2020 kernel: [    1.052608] IR NEC protocol handler initialized
Aug  9 13:54:00 rk2020 kernel: [    1.055201] rkisp1 ff4a0000.rkisp1: rkisp1 driver version: v00.01.05
Aug  9 13:54:00 rk2020 kernel: [    1.058444] rkisp1 ff4a0000.rkisp1: GPIO lookup for consumer vsirq
Aug  9 13:54:00 rk2020 kernel: [    1.058481] rkisp1 ff4a0000.rkisp1: using device tree for GPIO lookup
Aug  9 13:54:00 rk2020 kernel: [    1.058509] of_get_named_gpiod_flags: can't parse 'vsirq-gpios' property of node '/rkisp1@ff4a0000[0]'
Aug  9 13:54:00 rk2020 kernel: [    1.058532] of_get_named_gpiod_flags: can't parse 'vsirq-gpio' property of node '/rkisp1@ff4a0000[0]'
Aug  9 13:54:00 rk2020 kernel: [    1.058554] rkisp1 ff4a0000.rkisp1: using lookup tables for GPIO lookup
Aug  9 13:54:00 rk2020 kernel: [    1.058577] rkisp1 ff4a0000.rkisp1: lookup for GPIO vsirq failed
Aug  9 13:54:00 rk2020 kernel: [    1.059157] usbcore: registered new interface driver uvcvideo
Aug  9 13:54:00 rk2020 kernel: [    1.059176] USB Video Class driver (1.1.1)
Aug  9 13:54:00 rk2020 kernel: [    1.060303] rockchip-iodomain ff010000.syscon:io-domains: Looking up pmuio1-supply from device tree
Aug  9 13:54:00 rk2020 kernel: [    1.060889] rockchip-iodomain ff010000.syscon:io-domains: Looking up pmuio2-supply from device tree
Aug  9 13:54:00 rk2020 kernel: [    1.061616] rockchip-iodomain ff140000.syscon:io-domains: Looking up vccio6-supply from device tree
Aug  9 13:54:00 rk2020 kernel: [    1.062087] rockchip-iodomain ff140000.syscon:io-domains: Looking up vccio1-supply from device tree
Aug  9 13:54:00 rk2020 kernel: [    1.062581] rockchip-iodomain ff140000.syscon:io-domains: Looking up vccio2-supply from device tree
Aug  9 13:54:00 rk2020 kernel: [    1.063052] rockchip-iodomain ff140000.syscon:io-domains: Looking up vccio3-supply from device tree
